Component: Arm Compiler for Embedded 6.19 Tool: armlink [5e73cb00]

==============================================================================

Section Cross References

    main.o(.text.configInOutPort) refers to stm32f4xx_rcc.o(.text.RCC_AHB1PeriphClockCmd) for RCC_AHB1PeriphClockCmd
    main.o(.text.configInOutPort) refers to stm32f4xx_gpio.o(.text.GPIO_Init) for GPIO_Init
    main.o(.text.configInOutPort) refers to stm32f4xx_gpio.o(.text.GPIO_Write) for GPIO_Write
    main.o(.ARM.exidx.text.configInOutPort) refers to main.o(.text.configInOutPort) for [Anonymous Symbol]
    main.o(.text.config_TIM8_PWM) refers to stm32f4xx_rcc.o(.text.RCC_APB2PeriphClockCmd) for RCC_APB2PeriphClockCmd
    main.o(.text.config_TIM8_PWM) refers to stm32f4xx_rcc.o(.text.RCC_AHB1PeriphClockCmd) for RCC_AHB1PeriphClockCmd
    main.o(.text.config_TIM8_PWM) refers to stm32f4xx_gpio.o(.text.GPIO_Init) for GPIO_Init
    main.o(.text.config_TIM8_PWM) refers to stm32f4xx_gpio.o(.text.GPIO_PinAFConfig) for GPIO_PinAFConfig
    main.o(.text.config_TIM8_PWM) refers to main.o(.bss..L_MergedGlobals.1) for .L_MergedGlobals.1
    main.o(.text.config_TIM8_PWM) refers to stm32f4xx_tim.o(.text.TIM_TimeBaseInit) for TIM_TimeBaseInit
    main.o(.text.config_TIM8_PWM) refers to main.o(.bss.TIM_OCInitStructure) for TIM_OCInitStructure
    main.o(.text.config_TIM8_PWM) refers to stm32f4xx_tim.o(.text.TIM_OC1Init) for TIM_OC1Init
    main.o(.text.config_TIM8_PWM) refers to stm32f4xx_tim.o(.text.TIM_OC1PreloadConfig) for TIM_OC1PreloadConfig
    main.o(.text.config_TIM8_PWM) refers to stm32f4xx_tim.o(.text.TIM_OC2Init) for TIM_OC2Init
    main.o(.text.config_TIM8_PWM) refers to stm32f4xx_tim.o(.text.TIM_OC2PreloadConfig) for TIM_OC2PreloadConfig
    main.o(.text.config_TIM8_PWM) refers to stm32f4xx_tim.o(.text.TIM_OC3Init) for TIM_OC3Init
    main.o(.text.config_TIM8_PWM) refers to stm32f4xx_tim.o(.text.TIM_OC3PreloadConfig) for TIM_OC3PreloadConfig
    main.o(.text.config_TIM8_PWM) refers to stm32f4xx_tim.o(.text.TIM_OC4Init) for TIM_OC4Init
    main.o(.text.config_TIM8_PWM) refers to stm32f4xx_tim.o(.text.TIM_OC4PreloadConfig) for TIM_OC4PreloadConfig
    main.o(.text.config_TIM8_PWM) refers to stm32f4xx_tim.o(.text.TIM_ARRPreloadConfig) for TIM_ARRPreloadConfig
    main.o(.text.config_TIM8_PWM) refers to stm32f4xx_tim.o(.text.TIM_CtrlPWMOutputs) for TIM_CtrlPWMOutputs
    main.o(.text.config_TIM8_PWM) refers to stm32f4xx_tim.o(.text.TIM_Cmd) for TIM_Cmd
    main.o(.ARM.exidx.text.config_TIM8_PWM) refers to main.o(.text.config_TIM8_PWM) for [Anonymous Symbol]
    main.o(.text.Config_encoder_timer4) refers to stm32f4xx_rcc.o(.text.RCC_APB1PeriphClockCmd) for RCC_APB1PeriphClockCmd
    main.o(.text.Config_encoder_timer4) refers to stm32f4xx_rcc.o(.text.RCC_AHB1PeriphClockCmd) for RCC_AHB1PeriphClockCmd
    main.o(.text.Config_encoder_timer4) refers to main.o(.bss..L_MergedGlobals.1) for .L_MergedGlobals.1
    main.o(.text.Config_encoder_timer4) refers to misc.o(.text.NVIC_Init) for NVIC_Init
    main.o(.text.Config_encoder_timer4) refers to stm32f4xx_gpio.o(.text.GPIO_Init) for GPIO_Init
    main.o(.text.Config_encoder_timer4) refers to stm32f4xx_gpio.o(.text.GPIO_PinAFConfig) for GPIO_PinAFConfig
    main.o(.text.Config_encoder_timer4) refers to stm32f4xx_tim.o(.text.TIM_EncoderInterfaceConfig) for TIM_EncoderInterfaceConfig
    main.o(.text.Config_encoder_timer4) refers to stm32f4xx_tim.o(.text.TIM_ITConfig) for TIM_ITConfig
    main.o(.text.Config_encoder_timer4) refers to stm32f4xx_tim.o(.text.TIM_Cmd) for TIM_Cmd
    main.o(.text.Config_encoder_timer4) refers to stm32f4xx_tim.o(.text.TIM_SetCounter) for TIM_SetCounter
    main.o(.ARM.exidx.text.Config_encoder_timer4) refers to main.o(.text.Config_encoder_timer4) for [Anonymous Symbol]
    main.o(.text.readEncorderT4) refers to main.o(.bss.num_over_t4) for num_over_t4
    main.o(.text.readEncorderT4) refers to stm32f4xx_tim.o(.text.TIM_GetCounter) for TIM_GetCounter
    main.o(.ARM.exidx.text.readEncorderT4) refers to main.o(.text.readEncorderT4) for [Anonymous Symbol]
    main.o(.text.reset_en_T4) refers to main.o(.bss.num_over_t4) for num_over_t4
    main.o(.ARM.exidx.text.reset_en_T4) refers to main.o(.text.reset_en_T4) for [Anonymous Symbol]
    main.o(.text.config_uart2) refers to stm32f4xx_rcc.o(.text.RCC_AHB1PeriphClockCmd) for RCC_AHB1PeriphClockCmd
    main.o(.text.config_uart2) refers to stm32f4xx_gpio.o(.text.GPIO_Init) for GPIO_Init
    main.o(.text.config_uart2) refers to stm32f4xx_gpio.o(.text.GPIO_PinAFConfig) for GPIO_PinAFConfig
    main.o(.text.config_uart2) refers to stm32f4xx_rcc.o(.text.RCC_APB1PeriphClockCmd) for RCC_APB1PeriphClockCmd
    main.o(.text.config_uart2) refers to stm32f4xx_usart.o(.text.USART_Init) for USART_Init
    main.o(.text.config_uart2) refers to stm32f4xx_usart.o(.text.USART_ClearFlag) for USART_ClearFlag
    main.o(.text.config_uart2) refers to stm32f4xx_usart.o(.text.USART_ITConfig) for USART_ITConfig
[...]
    Removing myiic.o(.data.I2C_INT_Clocks), (12 bytes).
    Removing myiic.o(.bss.GPIO_I2C_InitStruct), (8 bytes).
    Removing myiic.o(.bss.I2C_Timeout), (4 bytes).
    Removing myiic.o(.rodata..Lswitch.table.I2C1_InitPins), (12 bytes).
    Removing myiic.o(.rodata..Lswitch.table.I2C1_InitPins.3), (6 bytes).
    Removing myiic.o(.rodata..Lswitch.table.I2C1_InitPins.4), (6 bytes).

698 unused section(s) (total 15493 bytes) removed from the image.

==============================================================================

Image Symbol Table

    Local Symbols

    Symbol Name                              Value     Ov Type        Size  Object(Section)

    ../clib/angel/boardlib.s                 0x00000000   Number         0  boardinit1.o ABSOLUTE
    ../clib/angel/boardlib.s                 0x00000000   Number         0  boardinit2.o ABSOLUTE
    ../clib/angel/boardlib.s                 0x00000000   Number         0  boardinit3.o ABSOLUTE
    ../clib/angel/boardlib.s                 0x00000000   Number         0  boardshut.o ABSOLUTE
    ../clib/angel/handlers.s                 0x00000000   Number         0  __scatter_copy.o ABSOLUTE
    ../clib/angel/handlers.s                 0x00000000   Number         0  __scatter_zi.o ABSOLUTE
    ../clib/angel/kernel.s                   0x00000000   Number         0  __rtentry.o ABSOLUTE
    ../clib/angel/kernel.s                   0x00000000   Number         0  __rtentry2.o ABSOLUTE
    ../clib/angel/kernel.s                   0x00000000   Number         0  __rtentry4.o ABSOLUTE
    ../clib/angel/kernel.s                   0x00000000   Number         0  rtexit.o ABSOLUTE
    ../clib/angel/kernel.s                   0x00000000   Number         0  rtexit2.o ABSOLUTE
    ../clib/angel/rt.s                       0x00000000   Number         0  rt_errno_addr.o ABSOLUTE
    ../clib/angel/rt.s                       0x00000000   Number         0  rt_errno_addr_intlibspace.o ABSOLUTE
    ../clib/angel/rt.s                       0x00000000   Number         0  rt_raise.o ABSOLUTE
    ../clib/angel/scatter.s                  0x00000000   Number         0  __scatter.o ABSOLUTE
    ../clib/angel/startup.s                  0x00000000   Number         0  __main.o ABSOLUTE
    ../clib/angel/sys.s                      0x00000000   Number         0  libspace.o ABSOLUTE
    ../clib/angel/sys.s                      0x00000000   Number         0  sys_stackheap_outer.o ABSOLUTE
    ../clib/angel/sys.s                      0x00000000   Number         0  use_no_semi.o ABSOLUTE
    ../clib/angel/sys.s                      0x00000000   Number         0  indicate_semi.o ABSOLUTE
    ../clib/angel/sysapp.c                   0x00000000   Number         0  sys_exit.o ABSOLUTE
    ../clib/angel/sysapp.c                   0x00000000   Number         0  sys_exit_hlt.o ABSOLUTE
    ../clib/angel/sysapp.c                   0x00000000   Number         0  sys_command.o ABSOLUTE
    ../clib/angel/sysapp.c                   0x00000000   Number         0  sys_command_hlt.o ABSOLUTE
    ../clib/angel/sysapp.c                   0x00000000   Number         0  sys_wrch.o ABSOLUTE
    ../clib/angel/sysapp.c                   0x00000000   Number         0  sys_wrch_hlt.o ABSOLUTE
    ../clib/armsys.c                         0x00000000   Number         0  argv_veneer.o ABSOLUTE
    ../clib/armsys.c                         0x00000000   Number         0  argv_veneer.o ABSOLUTE
    ../clib/armsys.c                         0x00000000   Number         0  _get_argv_nomalloc.o ABSOLUTE
    ../clib/armsys.c                         0x00000000   Number         0  no_argv.o ABSOLUTE
    ../clib/fenv.c                           0x00000000   Number         0  _rserrno.o ABSOLUTE
    ../clib/heapalloc.c                      0x00000000   Number         0  hrguard.o ABSOLUTE
    ../clib/heapaux.c                        0x00000000   Number         0  heapauxi.o ABSOLUTE
    ../clib/libinit.s                        0x00000000   Number         0  libinit.o ABSOLUTE
    ../clib/libinit.s                        0x00000000   Number         0  libinit2.o ABSOLUTE
    ../clib/libinit.s                        0x00000000   Number         0  libshutdown.o ABSOLUTE
    ../clib/libinit.s                        0x00000000   Number         0  libshutdown2.o ABSOLUTE
    ../clib/memcpset.s                       0x00000000   Number         0  rt_memclr_w.o ABSOLUTE
    ../clib/signal.c                         0x00000000   Number         0  defsig_rtmem_outer.o ABSOLUTE
    ../clib/signal.c                         0x00000000   Number         0  defsig_rtmem_formal.o ABSOLUTE
    ../clib/signal.c                         0x00000000   Number         0  defsig_exit.o ABSOLUTE
    ../clib/signal.c                         0x00000000   Number         0  defsig_rtmem_inner.o ABSOLUTE
    ../clib/signal.c                         0x00000000   Number         0  __raise.o ABSOLUTE
    ../clib/signal.c                         0x00000000   Number         0  defsig_general.o ABSOLUTE
    ../clib/signal.c                         0x00000000   Number         0  defsig_abrt_inner.o ABSOLUTE
    ../clib/signal.c                         0x00000000   Number         0  defsig_fpe_inner.o ABSOLUTE
    ../clib/signal.c                         0x00000000   Number         0  defsig_rtred_inner.o ABSOLUTE
    ../clib/signal.c                         0x00000000   Number         0  defsig_stak_inner.o ABSOLUTE
    ../clib/signal.c                         0x00000000   Number         0  defsig_pvfn_inner.o ABSOLUTE
    ../clib/signal.c                         0x00000000   Number         0  defsig_cppl_inner.o ABSOLUTE
    ../clib/signal.c                         0x00000000   Number         0  defsig_segv_inner.o ABSOLUTE
    ../clib/signal.c                         0x00000000   Number         0  defsig_other.o ABSOLUTE
    ../clib/signal.s                         0x00000000   Number         0  defsig.o ABSOLUTE
    ../clib/stdlib.c                         0x00000000   Number         0  exit.o ABSOLUTE
    ../clib/string.c                         0x00000000   Number         0  strlen.o ABSOLUTE
    ../fplib/basic.s                         0x00000000   Number         0  basic.o ABSOLUTE
    ../fplib/d2f.s                           0x00000000   Number         0  d2f.o ABSOLUTE
    ../fplib/daddsub.s                       0x00000000   Number         0  daddsub_clz.o ABSOLUTE
    ../fplib/ddiv.s                          0x00000000   Number         0  ddiv.o ABSOLUTE
    ../fplib/dfix.s                          0x00000000   Number         0  dfix.o ABSOLUTE
    ../fplib/dflt.s                          0x00000000   Number         0  dflt_clz.o ABSOLUTE
    ../fplib/dmul.s                          0x00000000   Number         0  dmul.o ABSOLUTE
    ../fplib/dnaninf.s                       0x00000000   Number         0  dnaninf.o ABSOLUTE
    ../fplib/dretinf.s                       0x00000000   Number         0  dretinf.o ABSOLUTE
    ../fplib/f2d.s                           0x00000000   Number         0  f2d.o ABSOLUTE
    ../fplib/fnaninf.s                       0x00000000   Number         0  fnaninf.o ABSOLUTE
    ../fplib/fpinit.s                        0x00000000   Number         0  fpinit.o ABSOLUTE
    ../fplib/fretinf.s                       0x00000000   Number         0  fretinf.o ABSOLUTE
    ../fplib/usenofp.s                       0x00000000   Number         0  usenofp.o ABSOLUTE
    ../mathlib/cos_i.c                       0x00000000   Number         0  cos_i.o ABSOLUTE
    ../mathlib/dunder.c                      0x00000000   Number         0  dunder.o ABSOLUTE
    ../mathlib/fabs.c                        0x00000000   Number         0  fabs.o ABSOLUTE
    ../mathlib/fpclassify.c                  0x00000000   Number         0  fpclassify.o ABSOLUTE
    ../mathlib/poly.c                        0x00000000   Number         0  poly.o ABSOLUTE
    ../mathlib/rred.c                        0x00000000   Number         0  rred.o ABSOLUTE
    ../mathlib/sin.c                         0x00000000   Number         0  sin.o ABSOLUTE
    ../mathlib/sin_i.c                       0x00000000   Number         0  sin_i.o ABSOLUTE
    ..\LIB\CMSIS\Device\ST\STM32F4xx\Source\Templates\arm\startup_stm32f40_41xxx.s 0x00000000   Number         0  startup_stm32f40_41xxx.o ABSOLUTE
    LCD_I2C.c                                0x00000000   Number         0  lcd_i2c.o ABSOLUTE
    dc.s                                     0x00000000   Number         0  dc.o ABSOLUTE
    main.c                                   0x00000000   Number         0  main.o ABSOLUTE
    misc.c                                   0x00000000   Number         0  misc.o ABSOLUTE
    myiic.c                                  0x00000000   Number         0  myiic.o ABSOLUTE
    stm32f4xx_dma.c                          0x00000000   Number         0  stm32f4xx_dma.o ABSOLUTE
    stm32f4xx_gpio.c                         0x00000000   Number         0  stm32f4xx_gpio.o ABSOLUTE
    stm32f4xx_i2c.c                          0x00000000   Number         0  stm32f4xx_i2c.o ABSOLUTE
    stm32f4xx_it.c                           0x00000000   Number         0  stm32f4xx_it.o ABSOLUTE
    stm32f4xx_rcc.c                          0x00000000   Number         0  stm32f4xx_rcc.o ABSOLUTE
    stm32f4xx_tim.c                          0x00000000   Number         0  stm32f4xx_tim.o ABSOLUTE
    stm32f4xx_usart.c                        0x00000000   Number         0  stm32f4xx_usart.o ABSOLUTE
    system_stm32f4xx.c                       0x00000000   Number         0  system_stm32f4xx.o ABSOLUTE
    RESET                                    0x08000000   Section      392  startup_stm32f40_41xxx.o(RESET)
    !!!main                                  0x08000188   Section        8  __main.o(!!!main)
    !!!scatter                               0x08000190   Section       52  __scatter.o(!!!scatter)
    !!handler_copy                           0x080001c4   Section       26  __scatter_copy.o(!!handler_copy)
    !!handler_zi                             0x080001e0   Section       28  __scatter_zi.o(!!handler_zi)
    .ARM.Collect$$libinit$$00000000          0x080001fc   Section        2  libinit.o(.ARM.Collect$$libinit$$00000000)
    .ARM.Collect$$libinit$$00000001          0x080001fe   Section        4  libinit2.o(.ARM.Collect$$libinit$$00000001)
    .ARM.Collect$$libinit$$00000004          0x08000202   Section        0  libinit2.o(.ARM.Collect$$libinit$$00000004)
    .ARM.Collect$$libinit$$00000006          0x08000202   Section        0  libinit2.o(.ARM.Collect$$libinit$$00000006)
    .ARM.Collect$$libinit$$0000000C          0x08000202   Section        0  libinit2.o(.ARM.Collect$$libinit$$0000000C)
    .ARM.Collect$$libinit$$0000000E          0x08000202   Section        0  libinit2.o(.ARM.Collect$$libinit$$0000000E)
    .ARM.Collect$$libinit$$00000010          0x08000202   Section        0  libinit2.o(.ARM.Collect$$libinit$$00000010)
    .ARM.Collect$$libinit$$00000013          0x08000202   Section        0  libinit2.o(.ARM.Collect$$libinit$$00000013)
    .ARM.Collect$$libinit$$00000015          0x08000202   Section        0  libinit2.o(.ARM.Collect$$libinit$$00000015)
    .ARM.Collect$$libinit$$00000017          0x08000202   Section        0  libinit2.o(.ARM.Collect$$libinit$$00000017)
    .ARM.Collect$$libinit$$00000019          0x08000202   Section        0  libinit2.o(.ARM.Collect$$libinit$$00000019)
    .ARM.Collect$$libinit$$0000001B          0x08000202   Section        0  libinit2.o(.ARM.Collect$$libinit$$0000001B)
    .ARM.Collect$$libinit$$0000001D          0x08000202   Section        0  libinit2.o(.ARM.Collect$$libinit$$0000001D)
    .ARM.Collect$$libinit$$0000001F          0x08000202   Section        0  libinit2.o(.ARM.Collect$$libinit$$0000001F)
    .ARM.Collect$$libinit$$00000021          0x08000202   Section        0  libinit2.o(.ARM.Collect$$libinit$$00000021)
    .ARM.Collect$$libinit$$00000023          0x08000202   Section        0  libinit2.o(.ARM.Collect$$libinit$$00000023)
    .ARM.Collect$$libinit$$00000025          0x08000202   Section        0  libinit2.o(.ARM.Collect$$libinit$$00000025)
    .ARM.Collect$$libinit$$00000027          0x08000202   Section        0  libinit2.o(.ARM.Collect$$libinit$$00000027)
    .ARM.Collect$$libinit$$0000002E          0x08000202   Section        0  libinit2.o(.ARM.Collect$$libinit$$0000002E)
    .ARM.Collect$$libinit$$00000030          0x08000202   Section        0  libinit2.o(.ARM.Collect$$libinit$$00000030)
    .ARM.Collect$$libinit$$00000032          0x08000202   Section        0  libinit2.o(.ARM.Collect$$libinit$$00000032)
    .ARM.Collect$$libinit$$00000034          0x08000202   Section        0  libinit2.o(.ARM.Collect$$libinit$$00000034)
    .ARM.Collect$$libinit$$00000035          0x08000202   Section        2  libinit2.o(.ARM.Collect$$libinit$$00000035)
    .ARM.Collect$$libshutdown$$00000000      0x08000204   Section        2  libshutdown.o(.ARM.Collect$$libshutdown$$00000000)
    .ARM.Collect$$libshutdown$$00000002      0x08000206   Section        0  libshutdown2.o(.ARM.Collect$$libshutdown$$00000002)
    .ARM.Collect$$libshutdown$$00000004      0x08000206   Section        0  libshutdown2.o(.ARM.Collect$$libshutdown$$00000004)
    .ARM.Collect$$libshutdown$$00000007      0x08000206   Section        0  libshutdown2.o(.ARM.Collect$$libshutdown$$00000007)
    .ARM.Collect$$libshutdown$$0000000A      0x08000206   Section        0  libshutdown2.o(.ARM.Collect$$libshutdown$$0000000A)
    .ARM.Collect$$libshutdown$$0000000C      0x08000206   Section        0  libshutdown2.o(.ARM.Collect$$libshutdown$$0000000C)
    .ARM.Collect$$libshutdown$$0000000F      0x08000206   Section        0  libshutdown2.o(.ARM.Collect$$libshutdown$$0000000F)
    .ARM.Collect$$libshutdown$$00000010      0x08000206   Section        2  libshutdown2.o(.ARM.Collect$$libshutdown$$00000010)
    .ARM.Collect$$rtentry$$00000000          0x08000208   Section        0  __rtentry.o(.ARM.Collect$$rtentry$$00000000)
    .ARM.Collect$$rtentry$$00000002          0x08000208   Section        0  __rtentry2.o(.ARM.Collect$$rtentry$$00000002)
    .ARM.Collect$$rtentry$$00000004          0x08000208   Section        6  __rtentry4.o(.ARM.Collect$$rtentry$$00000004)
    .ARM.Collect$$rtentry$$00000009          0x0800020e   Section        0  __rtentry2.o(.ARM.Collect$$rtentry$$00000009)
    .ARM.Collect$$rtentry$$0000000A          0x0800020e   Section        4  __rtentry2.o(.ARM.Collect$$rtentry$$0000000A)
    .ARM.Collect$$rtentry$$0000000C          0x08000212   Section        0  __rtentry2.o(.ARM.Collect$$rtentry$$0000000C)
    .ARM.Collect$$rtentry$$0000000D          0x08000212   Section        8  __rtentry2.o(.ARM.Collect$$rtentry$$0000000D)
    .ARM.Collect$$rtexit$$00000000           0x0800021a   Section        2  rtexit.o(.ARM.Collect$$rtexit$$00000000)
    .ARM.Collect$$rtexit$$00000002           0x0800021c   Section        0  rtexit2.o(.ARM.Collect$$rtexit$$00000002)
    .ARM.Collect$$rtexit$$00000003           0x0800021c   Section        4  rtexit2.o(.ARM.Collect$$rtexit$$00000003)
    .ARM.Collect$$rtexit$$00000004           0x08000220   Section        6  rtexit2.o(.ARM.Collect$$rtexit$$00000004)
    $v0                                      0x08000228   Number         0  startup_stm32f40_41xxx.o(.text)
    .text                                    0x08000228   Section       64  startup_stm32f40_41xxx.o(.text)
    .text                                    0x08000268   Section        0  strlen.o(.text)
    .text                                    0x080002a6   Section        0  heapauxi.o(.text)
    .text                                    0x080002ac   Section        0  _rserrno.o(.text)
    .text                                    0x080002c4   Section        8  rt_errno_addr_intlibspace.o(.text)
    .text                                    0x080002cc   Section        8  libspace.o(.text)
    .text                                    0x080002d4   Section       74  sys_stackheap_outer.o(.text)
    .text                                    0x0800031e   Section        0  exit.o(.text)
    .text                                    0x08000330   Section        0  sys_exit.o(.text)
    .text                                    0x0800033c   Section        2  use_no_semi.o(.text)
    .text                                    0x0800033e   Section        0  indicate_semi.o(.text)
    [Anonymous Symbol]                       0x08000340   Section        0  stm32f4xx_it.o(.text.BusFault_Handler)
    [Anonymous Symbol]                       0x08000344   Section        0  stm32f4xx_it.o(.text.DMA1_Stream5_IRQHandler)
    [Anonymous Symbol]                       0x08000378   Section        0  stm32f4xx_dma.o(.text.DMA_ClearITPendingBit)
    [Anonymous Symbol]                       0x080003b8   Section        0  stm32f4xx_dma.o(.text.DMA_Cmd)
    [Anonymous Symbol]                       0x080003c8   Section        0  stm32f4xx_dma.o(.text.DMA_DeInit)
    [Anonymous Symbol]                       0x0800063c   Section        0  stm32f4xx_dma.o(.text.DMA_ITConfig)
    [Anonymous Symbol]                       0x08000678   Section        0  stm32f4xx_dma.o(.text.DMA_Init)
    [Anonymous Symbol]                       0x080006e0   Section        0  stm32f4xx_it.o(.text.DebugMon_Handler)
    [Anonymous Symbol]                       0x080006e4   Section        0  stm32f4xx_gpio.o(.text.GPIO_Init)
    [Anonymous Symbol]                       0x080007e4   Section        0  stm32f4xx_gpio.o(.text.GPIO_PinAFConfig)
    [Anonymous Symbol]                       0x0800080c   Section        0  stm32f4xx_gpio.o(.text.GPIO_Write)
    [Anonymous Symbol]                       0x08000810   Section        0  stm32f4xx_it.o(.text.HardFault_Handler)
    [Anonymous Symbol]                       0x08000814   Section        0  stm32f4xx_it.o(.text.MemManage_Handler)
    [Anonymous Symbol]                       0x08000818   Section        0  stm32f4xx_it.o(.text.NMI_Handler)
    [Anonymous Symbol]                       0x0800081c   Section        0  misc.o(.text.NVIC_Init)
    [Anonymous Symbol]                       0x08000880   Section        0  misc.o(.text.NVIC_PriorityGroupConfig)
    [Anonymous Symbol]                       0x08000894   Section        0  stm32f4xx_it.o(.text.PendSV_Handler)
    [Anonymous Symbol]                       0x08000898   Section        0  stm32f4xx_rcc.o(.text.RCC_AHB1PeriphClockCmd)
    [Anonymous Symbol]                       0x080008b0   Section        0  stm32f4xx_rcc.o(.text.RCC_APB1PeriphClockCmd)
    [Anonymous Symbol]                       0x080008c8   Section        0  stm32f4xx_rcc.o(.text.RCC_APB2PeriphClockCmd)
    [Anonymous Symbol]                       0x080008e0   Section        0  stm32f4xx_rcc.o(.text.RCC_GetClocksFreq)
    [Anonymous Symbol]                       0x08000978   Section        0  stm32f4xx_it.o(.text.SVC_Handler)
    [Anonymous Symbol]                       0x0800097c   Section        0  stm32f4xx_it.o(.text.SysTick_Handler)
    [Anonymous Symbol]                       0x080009b4   Section        0  system_stm32f4xx.o(.text.SystemInit)
    [Anonymous Symbol]                       0x08000adc   Section        0  stm32f4xx_it.o(.text.TIM4_IRQHandler)
    [Anonymous Symbol]                       0x08000b08   Section        0  main.o(.text.TIM7_IRQHandler)
    [Anonymous Symbol]                       0x08000b1c   Section        0  stm32f4xx_tim.o(.text.TIM_ARRPreloadConfig)
    [Anonymous Symbol]                       0x08000b30   Section        0  stm32f4xx_tim.o(.text.TIM_Cmd)
    [Anonymous Symbol]                       0x08000b44   Section        0  stm32f4xx_tim.o(.text.TIM_CtrlPWMOutputs)
    [Anonymous Symbol]                       0x08000b5c   Section        0  stm32f4xx_tim.o(.text.TIM_GetCounter)
    [Anonymous Symbol]                       0x08000b60   Section        0  stm32f4xx_tim.o(.text.TIM_ITConfig)
    [Anonymous Symbol]                       0x08000b70   Section        0  stm32f4xx_tim.o(.text.TIM_OC1Init)
    [Anonymous Symbol]                       0x08000bd8   Section        0  stm32f4xx_tim.o(.text.TIM_OC1PreloadConfig)
    [Anonymous Symbol]                       0x08000be4   Section        0  stm32f4xx_tim.o(.text.TIM_OC2Init)
    [Anonymous Symbol]                       0x08000c54   Section        0  stm32f4xx_tim.o(.text.TIM_OC2PreloadConfig)
    [Anonymous Symbol]                       0x08000c64   Section        0  stm32f4xx_tim.o(.text.TIM_OC3Init)
    [Anonymous Symbol]                       0x08000cd4   Section        0  stm32f4xx_tim.o(.text.TIM_OC3PreloadConfig)
    [Anonymous Symbol]                       0x08000ce0   Section        0  stm32f4xx_tim.o(.text.TIM_OC4Init)
    [Anonymous Symbol]                       0x08000d34   Section        0  stm32f4xx_tim.o(.text.TIM_OC4PreloadConfig)
    [Anonymous Symbol]                       0x08000d44   Section        0  stm32f4xx_tim.o(.text.TIM_SetCounter)
    [Anonymous Symbol]                       0x08000d48   Section        0  stm32f4xx_tim.o(.text.TIM_TimeBaseInit)
    [Anonymous Symbol]                       0x08000ddc   Section        0  main.o(.text.TestBLT)
    __arm_cp.49_7                            0x08000ec4   Number         4  main.o(.text.TestBLT)
    __arm_cp.49_8                            0x08000ec8   Number         4  main.o(.text.TestBLT)
    __arm_cp.49_9                            0x08000ecc   Number         4  main.o(.text.TestBLT)
    __arm_cp.49_10                           0x08000ed0   Number         4  main.o(.text.TestBLT)
    __arm_cp.49_11                           0x08000ed4   Number         4  main.o(.text.TestBLT)
    [Anonymous Symbol]                       0x08001558   Section        0  main.o(.text.UART4_IRQHandler)
    [Anonymous Symbol]                       0x08001598   Section        0  stm32f4xx_it.o(.text.USART2_IRQHandler)
    [Anonymous Symbol]                       0x080015ec   Section        0  stm32f4xx_usart.o(.text.USART_ClearFlag)
    [Anonymous Symbol]                       0x080015f4   Section        0  stm32f4xx_usart.o(.text.USART_Cmd)
    [Anonymous Symbol]                       0x08001608   Section        0  stm32f4xx_usart.o(.text.USART_DMACmd)
    [Anonymous Symbol]                       0x08001618   Section        0  stm32f4xx_usart.o(.text.USART_GetFlagStatus)
    [Anonymous Symbol]                       0x08001624   Section        0  stm32f4xx_usart.o(.text.USART_GetITStatus)
    [Anonymous Symbol]                       0x08001658   Section        0  stm32f4xx_usart.o(.text.USART_ITConfig)
    [Anonymous Symbol]                       0x08001688   Section        0  stm32f4xx_usart.o(.text.USART_Init)
    [Anonymous Symbol]                       0x08001744   Section        0  stm32f4xx_usart.o(.text.USART_ReceiveData)
    [Anonymous Symbol]                       0x0800174c   Section        0  stm32f4xx_usart.o(.text.USART_SendData)
    [Anonymous Symbol]                       0x08001754   Section        0  stm32f4xx_it.o(.text.UsageFault_Handler)
    [Anonymous Symbol]                       0x08001758   Section        0  main.o(.text.calculateMotor)
    [Anonymous Symbol]                       0x080019b8   Section        0  main.o(.text.configInOutPort)
    [Anonymous Symbol]                       0x08001a54   Section        0  main.o(.text.config_TIM8_PWM)
    [Anonymous Symbol]                       0x08001b50   Section        0  main.o(.text.config_uart2_dma)
    [Anonymous Symbol]                       0x08001c50   Section        0  main.o(.text.config_uart4)
    [Anonymous Symbol]                       0x08001d0c   Section        0  main.o(.text.main)
    [Anonymous Symbol]                       0x08001ed0   Section        0  main.o(.text.robotAnalytics)
    [Anonymous Symbol]                       0x08002138   Section        0  main.o(.text.robotDirectionAnalytics)
    [Anonymous Symbol]                       0x08002380   Section        0  main.o(.text.robotRunAngle)
    [Anonymous Symbol]                       0x08002510   Section        0  main.o(.text.run_read_gyro_uart2)
    i.__ARM_fpclassify                       0x08002598   Section        0  fpclassify.o(i.__ARM_fpclassify)
    i.__hardfp_sin                           0x080025c8   Section        0  sin.o(i.__hardfp_sin)
    i.__ieee754_rem_pio2                     0x08002690   Section        0  rred.o(i.__ieee754_rem_pio2)
    i.__kernel_cos                           0x08002ac8   Section        0  cos_i.o(i.__kernel_cos)
    i.__kernel_poly                          0x08002c38   Section        0  poly.o(i.__kernel_poly)
    i.__kernel_sin                           0x08002d30   Section        0  sin_i.o(i.__kernel_sin)
    i.__mathlib_dbl_infnan                   0x08002e60   Section        0  dunder.o(i.__mathlib_dbl_infnan)
    i.__mathlib_dbl_invalid                  0x08002e78   Section        0  dunder.o(i.__mathlib_dbl_invalid)
    i.__mathlib_dbl_underflow                0x08002e98   Section        0  dunder.o(i.__mathlib_dbl_underflow)
    i.fabs                                   0x08002eb8   Section        0  fabs.o(i.fabs)
    $v0                                      0x08002ed0   Number         0  basic.o(x$fpl$basic)
    x$fpl$basic                              0x08002ed0   Section       24  basic.o(x$fpl$basic)
    $v0                                      0x08002ee8   Number         0  d2f.o(x$fpl$d2f)
    x$fpl$d2f                                0x08002ee8   Section       98  d2f.o(x$fpl$d2f)
    $v0                                      0x08002f4c   Number         0  daddsub_clz.o(x$fpl$dadd)
    x$fpl$dadd                               0x08002f4c   Section      336  daddsub_clz.o(x$fpl$dadd)
    _dadd1                                   0x08002f5d   Thumb Code     0  daddsub_clz.o(x$fpl$dadd)
    $v0                                      0x0800309c   Number         0  ddiv.o(x$fpl$ddiv)
    x$fpl$ddiv                               0x0800309c   Section      692  ddiv.o(x$fpl$ddiv)
    ddiv_entry                               0x080030a3   Thumb Code     0  ddiv.o(x$fpl$ddiv)
    $v0                                      0x08003350   Number         0  dfix.o(x$fpl$dfix)
    x$fpl$dfix                               0x08003350   Section       94  dfix.o(x$fpl$dfix)
    $v0                                      0x080033ae   Number         0  dflt_clz.o(x$fpl$dflt)
    x$fpl$dflt                               0x080033ae   Section       46  dflt_clz.o(x$fpl$dflt)
    $v0                                      0x080033dc   Number         0  dflt_clz.o(x$fpl$dfltu)
    x$fpl$dfltu                              0x080033dc   Section       38  dflt_clz.o(x$fpl$dfltu)
    $v0                                      0x08003404   Number         0  dmul.o(x$fpl$dmul)
    x$fpl$dmul                               0x08003404   Section      340  dmul.o(x$fpl$dmul)
    $v0                                      0x08003558   Number         0  dnaninf.o(x$fpl$dnaninf)
    x$fpl$dnaninf                            0x08003558   Section      156  dnaninf.o(x$fpl$dnaninf)
    $v0                                      0x080035f4   Number         0  dretinf.o(x$fpl$dretinf)
    x$fpl$dretinf                            0x080035f4   Section       12  dretinf.o(x$fpl$dretinf)
    $v0                                      0x08003600   Number         0  daddsub_clz.o(x$fpl$drsb)
    x$fpl$drsb                               0x08003600   Section       22  daddsub_clz.o(x$fpl$drsb)
    $v0                                      0x08003618   Number         0  daddsub_clz.o(x$fpl$dsub)
    x$fpl$dsub                               0x08003618   Section      476  daddsub_clz.o(x$fpl$dsub)
    _dsub1                                   0x08003629   Thumb Code     0  daddsub_clz.o(x$fpl$dsub)
    $v0                                      0x080037f4   Number         0  f2d.o(x$fpl$f2d)
    x$fpl$f2d                                0x080037f4   Section       86  f2d.o(x$fpl$f2d)
    $v0                                      0x0800384a   Number         0  fnaninf.o(x$fpl$fnaninf)
    x$fpl$fnaninf                            0x0800384a   Section      140  fnaninf.o(x$fpl$fnaninf)
    $v0                                      0x080038d6   Number         0  fpinit.o(x$fpl$fpinit)
    x$fpl$fpinit                             0x080038d6   Section       26  fpinit.o(x$fpl$fpinit)
    $v0                                      0x080038f0   Number         0  fretinf.o(x$fpl$fretinf)
    x$fpl$fretinf                            0x080038f0   Section       10  fretinf.o(x$fpl$fretinf)
    x$fpl$usenofp                            0x080038fa   Section        0  usenofp.o(x$fpl$usenofp)
    C                                        0x08003900   Data          48  cos_i.o(.constdata)
    .constdata                               0x08003900   Section       48  cos_i.o(.constdata)
    pio2s                                    0x08003930   Data          48  rred.o(.constdata)
    .constdata                               0x08003930   Section      204  rred.o(.constdata)
    twooverpi                                0x08003960   Data         156  rred.o(.constdata)
    S                                        0x08003a00   Data          40  sin_i.o(.constdata)
    .constdata                               0x08003a00   Section       40  sin_i.o(.constdata)
    APBAHBPrescTable                         0x08003a28   Data          16  stm32f4xx_rcc.o(.rodata.APBAHBPrescTable)
    [Anonymous Symbol]                       0x08003a28   Section        0  stm32f4xx_rcc.o(.rodata.APBAHBPrescTable)
    .L_MergedGlobals                         0x20000000   Data          76  main.o(.data..L_MergedGlobals)
    [Anonymous Symbol]                       0x20000000   Section        0  main.o(.data..L_MergedGlobals)
    .bss                                     0x20000050   Section       96  libspace.o(.bss)
    .L_MergedGlobals                         0x200000b0   Data           8  stm32f4xx_it.o(.bss..L_MergedGlobals)
    [Anonymous Symbol]                       0x200000b0   Section        0  stm32f4xx_it.o(.bss..L_MergedGlobals)
    SysTick_Handler.tam_gyro                 0x200000b4   Data           4  stm32f4xx_it.o(.bss..L_MergedGlobals)
    .L_MergedGlobals.1                       0x200000b8   Data         116  main.o(.bss..L_MergedGlobals.1)
    [Anonymous Symbol]                       0x200000b8   Section        0  main.o(.bss..L_MergedGlobals.1)
    Heap_Mem                                 0x20000158   Data         512  startup_stm32f40_41xxx.o(HEAP)
    HEAP                                     0x20000158   Section      512  startup_stm32f40_41xxx.o(HEAP)
    Stack_Mem                                0x20000358   Data        1024  startup_stm32f40_41xxx.o(STACK)
    STACK                                    0x20000358   Section     1024  startup_stm32f40_41xxx.o(STACK)
    __initial_sp                             0x20000758   Data           0  startup_stm32f40_41xxx.o(STACK)

    Global Symbols

    Symbol Name                              Value     Ov Type        Size  Object(Section)

    BuildAttributes$$THM_ISAv4$E$P$D$K$B$S$7EM$VFPi3$EXTD16$VFPS$VFMA$PE$A:L22UL41UL21$X:L11$S22US41US21$IEEE1$IW$~IW$USESV6$~STKCKD$USESV7$~SHL$OTIME$ROPI$IEEEX$EBA8$UX$STANDARDLIB$REQ8$PRES8$EABIv2 0x00000000   Number         0  anon$$obj.o ABSOLUTE
    __ARM_exceptions_init                     - Undefined Weak Reference
    __alloca_initialize                       - Undefined Weak Reference
    __arm_preinit_                            - Undefined Weak Reference
    __arm_relocate_pie_                       - Undefined Weak Reference
    __cpp_initialize__aeabi_                  - Undefined Weak Reference
    __cxa_finalize                            - Undefined Weak Reference
    __rt_locale                               - Undefined Weak Reference
    __sigvec_lookup                           - Undefined Weak Reference
    _atexit_init                              - Undefined Weak Reference
    _call_atexit_fns                          - Undefined Weak Reference
    _clock_init                               - Undefined Weak Reference
    _fp_trap_init                             - Undefined Weak Reference
    _fp_trap_shutdown                         - Undefined Weak Reference
    _get_lc_collate                           - Undefined Weak Reference
    _get_lc_ctype                             - Undefined Weak Reference
    _get_lc_monetary                          - Undefined Weak Reference
    _get_lc_numeric                           - Undefined Weak Reference
    _get_lc_time                              - Undefined Weak Reference
    _getenv_init                              - Undefined Weak Reference
    _handle_redirection                       - Undefined Weak Reference
    _init_alloc                               - Undefined Weak Reference
    _init_user_alloc                          - Undefined Weak Reference
    _initio                                   - Undefined Weak Reference
    _rand_init                                - Undefined Weak Reference
    _signal_finish                            - Undefined Weak Reference
    _signal_init                              - Undefined Weak Reference
    _terminate_alloc                          - Undefined Weak Reference
    _terminate_user_alloc                     - Undefined Weak Reference
    _terminateio                              - Undefined Weak Reference
    __Vectors_Size                           0x00000188   Number         0  startup_stm32f40_41xxx.o ABSOLUTE
    __Vectors                                0x08000000   Data           4  startup_stm32f40_41xxx.o(RESET)
    __Vectors_End                            0x08000188   Data           0  startup_stm32f40_41xxx.o(RESET)
    __main                                   0x08000189   Thumb Code     8  __main.o(!!!main)
    __scatterload                            0x08000191   Thumb Code     0  __scatter.o(!!!scatter)
    __scatterload_rt2                        0x08000191   Thumb Code    44  __scatter.o(!!!scatter)
    __scatterload_rt2_thumb_only             0x08000191   Thumb Code     0  __scatter.o(!!!scatter)
    __scatterload_null                       0x0800019f   Thumb Code     0  __scatter.o(!!!scatter)
    __scatterload_copy                       0x080001c5   Thumb Code    26  __scatter_copy.o(!!handler_copy)
    __scatterload_zeroinit                   0x080001e1   Thumb Code    28  __scatter_zi.o(!!handler_zi)
    __rt_lib_init                            0x080001fd   Thumb Code     0  libinit.o(.ARM.Collect$$libinit$$00000000)
    __rt_lib_init_fp_1                       0x080001ff   Thumb Code     0  libinit2.o(.ARM.Collect$$libinit$$00000001)
    __rt_lib_init_alloca_1                   0x08000203   Thumb Code     0  libinit2.o(.ARM.Collect$$libinit$$00000030)
    __rt_lib_init_argv_1                     0x08000203   Thumb Code     0  libinit2.o(.ARM.Collect$$libinit$$0000002E)
    __rt_lib_init_atexit_1                   0x08000203   Thumb Code     0  libinit2.o(.ARM.Collect$$libinit$$0000001D)
    __rt_lib_init_clock_1                    0x08000203   Thumb Code     0  libinit2.o(.ARM.Collect$$libinit$$00000023)
    __rt_lib_init_cpp_1                      0x08000203   Thumb Code     0  libinit2.o(.ARM.Collect$$libinit$$00000034)
    __rt_lib_init_exceptions_1               0x08000203   Thumb Code     0  libinit2.o(.ARM.Collect$$libinit$$00000032)
    __rt_lib_init_fp_trap_1                  0x08000203   Thumb Code     0  libinit2.o(.ARM.Collect$$libinit$$00000021)
    __rt_lib_init_getenv_1                   0x08000203   Thumb Code     0  libinit2.o(.ARM.Collect$$libinit$$00000025)
    __rt_lib_init_heap_1                     0x08000203   Thumb Code     0  libinit2.o(.ARM.Collect$$libinit$$0000000C)
    __rt_lib_init_lc_collate_1               0x08000203   Thumb Code     0  libinit2.o(.ARM.Collect$$libinit$$00000013)
    __rt_lib_init_lc_ctype_1                 0x08000203   Thumb Code     0  libinit2.o(.ARM.Collect$$libinit$$00000015)
    __rt_lib_init_lc_monetary_1              0x08000203   Thumb Code     0  libinit2.o(.ARM.Collect$$libinit$$00000017)
    __rt_lib_init_lc_numeric_1               0x08000203   Thumb Code     0  libinit2.o(.ARM.Collect$$libinit$$00000019)
    __rt_lib_init_lc_time_1                  0x08000203   Thumb Code     0  libinit2.o(.ARM.Collect$$libinit$$0000001B)
    __rt_lib_init_preinit_1                  0x08000203   Thumb Code     0  libinit2.o(.ARM.Collect$$libinit$$00000006)
    __rt_lib_init_rand_1                     0x08000203   Thumb Code     0  libinit2.o(.ARM.Collect$$libinit$$00000010)
    __rt_lib_init_relocate_pie_1             0x08000203   Thumb Code     0  libinit2.o(.ARM.Collect$$libinit$$00000004)
    __rt_lib_init_return                     0x08000203   Thumb Code     0  libinit2.o(.ARM.Collect$$libinit$$00000035)
    __rt_lib_init_signal_1                   0x08000203   Thumb Code     0  libinit2.o(.ARM.Collect$$libinit$$0000001F)
    __rt_lib_init_stdio_1                    0x08000203   Thumb Code     0  libinit2.o(.ARM.Collect$$libinit$$00000027)
    __rt_lib_init_user_alloc_1               0x08000203   Thumb Code     0  libinit2.o(.ARM.Collect$$libinit$$0000000E)
    __rt_lib_shutdown                        0x08000205   Thumb Code     0  libshutdown.o(.ARM.Collect$$libshutdown$$00000000)
    __rt_lib_shutdown_cpp_1                  0x08000207   Thumb Code     0  libshutdown2.o(.ARM.Collect$$libshutdown$$00000002)
    __rt_lib_shutdown_fp_trap_1              0x08000207   Thumb Code     0  libshutdown2.o(.ARM.Collect$$libshutdown$$00000007)
    __rt_lib_shutdown_heap_1                 0x08000207   Thumb Code     0  libshutdown2.o(.ARM.Collect$$libshutdown$$0000000F)
    __rt_lib_shutdown_return                 0x08000207   Thumb Code     0  libshutdown2.o(.ARM.Collect$$libshutdown$$00000010)
    __rt_lib_shutdown_signal_1               0x08000207   Thumb Code     0  libshutdown2.o(.ARM.Collect$$libshutdown$$0000000A)
    __rt_lib_shutdown_stdio_1                0x08000207   Thumb Code     0  libshutdown2.o(.ARM.Collect$$libshutdown$$00000004)
    __rt_lib_shutdown_user_alloc_1           0x08000207   Thumb Code     0  libshutdown2.o(.ARM.Collect$$libshutdown$$0000000C)
    __rt_entry                               0x08000209   Thumb Code     0  __rtentry.o(.ARM.Collect$$rtentry$$00000000)
    __rt_entry_presh_1                       0x08000209   Thumb Code     0  __rtentry2.o(.ARM.Collect$$rtentry$$00000002)
    __rt_entry_sh                            0x08000209   Thumb Code     0  __rtentry4.o(.ARM.Collect$$rtentry$$00000004)
    __rt_entry_li                            0x0800020f   Thumb Code     0  __rtentry2.o(.ARM.Collect$$rtentry$$0000000A)
    __rt_entry_postsh_1                      0x0800020f   Thumb Code     0  __rtentry2.o(.ARM.Collect$$rtentry$$00000009)
    __rt_entry_main                          0x08000213   Thumb Code     0  __rtentry2.o(.ARM.Collect$$rtentry$$0000000D)
    __rt_entry_postli_1                      0x08000213   Thumb Code     0  __rtentry2.o(.ARM.Collect$$rtentry$$0000000C)
    __rt_exit                                0x0800021b   Thumb Code     0  rtexit.o(.ARM.Collect$$rtexit$$00000000)
    __rt_exit_ls                             0x0800021d   Thumb Code     0  rtexit2.o(.ARM.Collect$$rtexit$$00000003)
    __rt_exit_prels_1                        0x0800021d   Thumb Code     0  rtexit2.o(.ARM.Collect$$rtexit$$00000002)
    __rt_exit_exit                           0x08000221   Thumb Code     0  rtexit2.o(.ARM.Collect$$rtexit$$00000004)
    Reset_Handler                            0x08000229   Thumb Code     8  startup_stm32f40_41xxx.o(.text)
    ADC_IRQHandler                           0x08000243   Thumb Code     0  startup_stm32f40_41xxx.o(.text)
    CAN1_RX0_IRQHandler                      0x08000243   Thumb Code     0  startup_stm32f40_41xxx.o(.text)
    CAN1_RX1_IRQHandler                      0x08000243   Thumb Code     0  startup_stm32f40_41xxx.o(.text)
    CAN1_SCE_IRQHandler                      0x08000243   Thumb Code     0  startup_stm32f40_41xxx.o(.text)
    CAN1_TX_IRQHandler                       0x08000243   Thumb Code     0  startup_stm32f40_41xxx.o(.text)
    CAN2_RX0_IRQHandler                      0x08000243   Thumb Code     0  startup_stm32f40_41xxx.o(.text)
    CAN2_RX1_IRQHandler                      0x08000243   Thumb Code     0  startup_stm32f40_41xxx.o(.text)
    CAN2_SCE_IRQHandler                      0x08000243   Thumb Code     0  startup_stm32f40_41xxx.o(.text)
    CAN2_TX_IRQHandler                       0x08000243   Thumb Code     0  startup_stm32f40_41xxx.o(.text)
    CRYP_IRQHandler                          0x08000243   Thumb Code     0  startup_stm32f40_41xxx.o(.text)
    DCMI_IRQHandler                          0x08000243   Thumb Code     0  startup_stm32f40_41xxx.o(.text)
    DMA1_Stream0_IRQHandler                  0x08000243   Thumb Code     0  startup_stm32f40_41xxx.o(.text)
    DMA1_Stream1_IRQHandler                  0x08000243   Thumb Code     0  startup_stm32f40_41xxx.o(.text)
    DMA1_Stream2_IRQHandler                  0x08000243   Thumb Code     0  startup_stm32f40_41xxx.o(.text)
    DMA1_Stream3_IRQHandler                  0x08000243   Thumb Code     0  startup_stm32f40_41xxx.o(.text)
    DMA1_Stream4_IRQHandler                  0x08000243   Thumb Code     0  startup_stm32f40_41xxx.o(.text)
    DMA1_Stream6_IRQHandler                  0x08000243   Thumb Code     0  startup_stm32f40_41xxx.o(.text)
    DMA1_Stream7_IRQHandler                  0x08000243   Thumb Code     0  startup_stm32f40_41xxx.o(.text)
    DMA2_Stream0_IRQHandler                  0x08000243   Thumb Code     0  startup_stm32f40_41xxx.o(.text)
    DMA2_Stream1_IRQHandler                  0x08000243   Thumb Code     0  startup_stm32f40_41xxx.o(.text)
    DMA2_Stream2_IRQHandler                  0x08000243   Thumb Code     0  startup_stm32f40_41xxx.o(.text)
    DMA2_Stream3_IRQHandler                  0x08000243   Thumb Code     0  startup_stm32f40_41xxx.o(.text)
    DMA2_Stream4_IRQHandler                  0x08000243   Thumb Code     0  startup_stm32f40_41xxx.o(.text)
    DMA2_Stream5_IRQHandler                  0x08000243   Thumb Code     0  startup_stm32f40_41xxx.o(.text)
    DMA2_Stream6_IRQHandler                  0x08000243   Thumb Code     0  startup_stm32f40_41xxx.o(.text)
    DMA2_Stream7_IRQHandler                  0x08000243   Thumb Code     0  startup_stm32f40_41xxx.o(.text)
    ETH_IRQHandler                           0x08000243   Thumb Code     0  startup_stm32f40_41xxx.o(.text)
    ETH_WKUP_IRQHandler                      0x08000243   Thumb Code     0  startup_stm32f40_41xxx.o(.text)
    EXTI0_IRQHandler                         0x08000243   Thumb Code     0  startup_stm32f40_41xxx.o(.text)
    EXTI15_10_IRQHandler                     0x08000243   Thumb Code     0  startup_stm32f40_41xxx.o(.text)
    EXTI1_IRQHandler                         0x08000243   Thumb Code     0  startup_stm32f40_41xxx.o(.text)
    EXTI2_IRQHandler                         0x08000243   Thumb Code     0  startup_stm32f40_41xxx.o(.text)
    EXTI3_IRQHandler                         0x08000243   Thumb Code     0  startup_stm32f40_41xxx.o(.text)
    EXTI4_IRQHandler                         0x08000243   Thumb Code     0  startup_stm32f40_41xxx.o(.text)
    EXTI9_5_IRQHandler                       0x08000243   Thumb Code     0  startup_stm32f40_41xxx.o(.text)
    FLASH_IRQHandler                         0x08000243   Thumb Code     0  startup_stm32f40_41xxx.o(.text)
    FPU_IRQHandler                           0x08000243   Thumb Code     0  startup_stm32f40_41xxx.o(.text)
    FSMC_IRQHandler                          0x08000243   Thumb Code     0  startup_stm32f40_41xxx.o(.text)
    HASH_RNG_IRQHandler                      0x08000243   Thumb Code     0  startup_stm32f40_41xxx.o(.text)
    I2C1_ER_IRQHandler                       0x08000243   Thumb Code     0  startup_stm32f40_41xxx.o(.text)
    I2C1_EV_IRQHandler                       0x08000243   Thumb Code     0  startup_stm32f40_41xxx.o(.text)
    I2C2_ER_IRQHandler                       0x08000243   Thumb Code     0  startup_stm32f40_41xxx.o(.text)
    I2C2_EV_IRQHandler                       0x08000243   Thumb Code     0  startup_stm32f40_41xxx.o(.text)
    I2C3_ER_IRQHandler                       0x08000243   Thumb Code     0  startup_stm32f40_41xxx.o(.text)
    I2C3_EV_IRQHandler                       0x08000243   Thumb Code     0  startup_stm32f40_41xxx.o(.text)
    OTG_FS_IRQHandler                        0x08000243   Thumb Code     0  startup_stm32f40_41xxx.o(.text)
    OTG_FS_WKUP_IRQHandler                   0x08000243   Thumb Code     0  startup_stm32f40_41xxx.o(.text)
    OTG_HS_EP1_IN_IRQHandler                 0x08000243   Thumb Code     0  startup_stm32f40_41xxx.o(.text)
    OTG_HS_EP1_OUT_IRQHandler                0x08000243   Thumb Code     0  startup_stm32f40_41xxx.o(.text)
    OTG_HS_IRQHandler                        0x08000243   Thumb Code     0  startup_stm32f40_41xxx.o(.text)
    OTG_HS_WKUP_IRQHandler                   0x08000243   Thumb Code     0  startup_stm32f40_41xxx.o(.text)
    PVD_IRQHandler                           0x08000243   Thumb Code     0  startup_stm32f40_41xxx.o(.text)
    RCC_IRQHandler                           0x08000243   Thumb Code     0  startup_stm32f40_41xxx.o(.text)
    RTC_Alarm_IRQHandler                     0x08000243   Thumb Code     0  startup_stm32f40_41xxx.o(.text)
    RTC_WKUP_IRQHandler                      0x08000243   Thumb Code     0  startup_stm32f40_41xxx.o(.text)
    SDIO_IRQHandler                          0x08000243   Thumb Code     0  startup_stm32f40_41xxx.o(.text)
    SPI1_IRQHandler                          0x08000243   Thumb Code     0  startup_stm32f40_41xxx.o(.text)
    SPI2_IRQHandler                          0x08000243   Thumb Code     0  startup_stm32f40_41xxx.o(.text)
    SPI3_IRQHandler                          0x08000243   Thumb Code     0  startup_stm32f40_41xxx.o(.text)
    TAMP_STAMP_IRQHandler                    0x08000243   Thumb Code     0  startup_stm32f40_41xxx.o(.text)
    TIM1_BRK_TIM9_IRQHandler                 0x08000243   Thumb Code     0  startup_stm32f40_41xxx.o(.text)
    TIM1_CC_IRQHandler                       0x08000243   Thumb Code     0  startup_stm32f40_41xxx.o(.text)
    TIM1_TRG_COM_TIM11_IRQHandler            0x08000243   Thumb Code     0  startup_stm32f40_41xxx.o(.text)
    TIM1_UP_TIM10_IRQHandler                 0x08000243   Thumb Code     0  startup_stm32f40_41xxx.o(.text)
    TIM2_IRQHandler                          0x08000243   Thumb Code     0  startup_stm32f40_41xxx.o(.text)
    TIM3_IRQHandler                          0x08000243   Thumb Code     0  startup_stm32f40_41xxx.o(.text)
    TIM5_IRQHandler                          0x08000243   Thumb Code     0  startup_stm32f40_41xxx.o(.text)
    TIM6_DAC_IRQHandler                      0x08000243   Thumb Code     0  startup_stm32f40_41xxx.o(.text)
    TIM8_BRK_TIM12_IRQHandler                0x08000243   Thumb Code     0  startup_stm32f40_41xxx.o(.text)
    TIM8_CC_IRQHandler                       0x08000243   Thumb Code     0  startup_stm32f40_41xxx.o(.text)
    TIM8_TRG_COM_TIM14_IRQHandler            0x08000243   Thumb Code     0  startup_stm32f40_41xxx.o(.text)
    TIM8_UP_TIM13_IRQHandler                 0x08000243   Thumb Code     0  startup_stm32f40_41xxx.o(.text)
    UART5_IRQHandler                         0x08000243   Thumb Code     0  startup_stm32f40_41xxx.o(.text)
    USART1_IRQHandler                        0x08000243   Thumb Code     0  startup_stm32f40_41xxx.o(.text)
    USART3_IRQHandler                        0x08000243   Thumb Code     0  startup_stm32f40_41xxx.o(.text)
    USART6_IRQHandler                        0x08000243   Thumb Code     0  startup_stm32f40_41xxx.o(.text)
    WWDG_IRQHandler                          0x08000243   Thumb Code     0  startup_stm32f40_41xxx.o(.text)
    __user_initial_stackheap                 0x08000245   Thumb Code     0  startup_stm32f40_41xxx.o(.text)
    strlen                                   0x08000269   Thumb Code    62  strlen.o(.text)
    __use_two_region_memory                  0x080002a7   Thumb Code     2  heapauxi.o(.text)
    __rt_heap_escrow$2region                 0x080002a9   Thumb Code     2  heapauxi.o(.text)
    __rt_heap_expand$2region                 0x080002ab   Thumb Code     2  heapauxi.o(.text)
    __read_errno                             0x080002ad   Thumb Code    10  _rserrno.o(.text)
    __set_errno                              0x080002b7   Thumb Code    12  _rserrno.o(.text)
    __aeabi_errno_addr                       0x080002c5   Thumb Code     8  rt_errno_addr_intlibspace.o(.text)
    __errno$intlibspace                      0x080002c5   Thumb Code     0  rt_errno_addr_intlibspace.o(.text)
    __rt_errno_addr$intlibspace              0x080002c5   Thumb Code     0  rt_errno_addr_intlibspace.o(.text)
    __user_libspace                          0x080002cd   Thumb Code     8  libspace.o(.text)
    __user_perproc_libspace                  0x080002cd   Thumb Code     0  libspace.o(.text)
    __user_perthread_libspace                0x080002cd   Thumb Code     0  libspace.o(.text)
    __user_setup_stackheap                   0x080002d5   Thumb Code    74  sys_stackheap_outer.o(.text)
    exit                                     0x0800031f   Thumb Code    18  exit.o(.text)
    _sys_exit                                0x08000331   Thumb Code     8  sys_exit.o(.text)
    __I$use$semihosting                      0x0800033d   Thumb Code     0  use_no_semi.o(.text)
    __use_no_semihosting_swi                 0x0800033d   Thumb Code     2  use_no_semi.o(.text)
    __semihosting_library_function           0x0800033f   Thumb Code     0  indicate_semi.o(.text)
    BusFault_Handler                         0x08000341   Thumb Code     2  stm32f4xx_it.o(.text.BusFault_Handler)
    DMA1_Stream5_IRQHandler                  0x08000345   Thumb Code    52  stm32f4xx_it.o(.text.DMA1_Stream5_IRQHandler)
    DMA_ClearITPendingBit                    0x08000379   Thumb Code    62  stm32f4xx_dma.o(.text.DMA_ClearITPendingBit)
    DMA_Cmd                                  0x080003b9   Thumb Code    16  stm32f4xx_dma.o(.text.DMA_Cmd)
    DMA_DeInit                               0x080003c9   Thumb Code   626  stm32f4xx_dma.o(.text.DMA_DeInit)
    DMA_ITConfig                             0x0800063d   Thumb Code    60  stm32f4xx_dma.o(.text.DMA_ITConfig)
    DMA_Init                                 0x08000679   Thumb Code   102  stm32f4xx_dma.o(.text.DMA_Init)
    DebugMon_Handler                         0x080006e1   Thumb Code     2  stm32f4xx_it.o(.text.DebugMon_Handler)
    GPIO_Init                                0x080006e5   Thumb Code   256  stm32f4xx_gpio.o(.text.GPIO_Init)
    GPIO_PinAFConfig                         0x080007e5   Thumb Code    40  stm32f4xx_gpio.o(.text.GPIO_PinAFConfig)
    GPIO_Write                               0x0800080d   Thumb Code     4  stm32f4xx_gpio.o(.text.GPIO_Write)
    HardFault_Handler                        0x08000811   Thumb Code     2  stm32f4xx_it.o(.text.HardFault_Handler)
    MemManage_Handler                        0x08000815   Thumb Code     2  stm32f4xx_it.o(.text.MemManage_Handler)
    NMI_Handler                              0x08000819   Thumb Code     2  stm32f4xx_it.o(.text.NMI_Handler)
    NVIC_Init                                0x0800081d   Thumb Code   100  misc.o(.text.NVIC_Init)
    NVIC_PriorityGroupConfig                 0x08000881   Thumb Code    20  misc.o(.text.NVIC_PriorityGroupConfig)
    PendSV_Handler                           0x08000895   Thumb Code     2  stm32f4xx_it.o(.text.PendSV_Handler)
    RCC_AHB1PeriphClockCmd                   0x08000899   Thumb Code    24  stm32f4xx_rcc.o(.text.RCC_AHB1PeriphClockCmd)
    RCC_APB1PeriphClockCmd                   0x080008b1   Thumb Code    24  stm32f4xx_rcc.o(.text.RCC_APB1PeriphClockCmd)
    RCC_APB2PeriphClockCmd                   0x080008c9   Thumb Code    24  stm32f4xx_rcc.o(.text.RCC_APB2PeriphClockCmd)
    RCC_GetClocksFreq                        0x080008e1   Thumb Code   152  stm32f4xx_rcc.o(.text.RCC_GetClocksFreq)
    SVC_Handler                              0x08000979   Thumb Code     2  stm32f4xx_it.o(.text.SVC_Handler)
    SysTick_Handler                          0x0800097d   Thumb Code    54  stm32f4xx_it.o(.text.SysTick_Handler)
    SystemInit                               0x080009b5   Thumb Code   296  system_stm32f4xx.o(.text.SystemInit)
    TIM4_IRQHandler                          0x08000add   Thumb Code    42  stm32f4xx_it.o(.text.TIM4_IRQHandler)
    TIM7_IRQHandler                          0x08000b09   Thumb Code    18  main.o(.text.TIM7_IRQHandler)
    TIM_ARRPreloadConfig                     0x08000b1d   Thumb Code    20  stm32f4xx_tim.o(.text.TIM_ARRPreloadConfig)
    TIM_Cmd                                  0x08000b31   Thumb Code    18  stm32f4xx_tim.o(.text.TIM_Cmd)
    TIM_CtrlPWMOutputs                       0x08000b45   Thumb Code    24  stm32f4xx_tim.o(.text.TIM_CtrlPWMOutputs)
    TIM_GetCounter                           0x08000b5d   Thumb Code     4  stm32f4xx_tim.o(.text.TIM_GetCounter)
    TIM_ITConfig                             0x08000b61   Thumb Code    16  stm32f4xx_tim.o(.text.TIM_ITConfig)
    TIM_OC1Init                              0x08000b71   Thumb Code   102  stm32f4xx_tim.o(.text.TIM_OC1Init)
    TIM_OC1PreloadConfig                     0x08000bd9   Thumb Code    12  stm32f4xx_tim.o(.text.TIM_OC1PreloadConfig)
    TIM_OC2Init                              0x08000be5   Thumb Code   110  stm32f4xx_tim.o(.text.TIM_OC2Init)
    TIM_OC2PreloadConfig                     0x08000c55   Thumb Code    14  stm32f4xx_tim.o(.text.TIM_OC2PreloadConfig)
    TIM_OC3Init                              0x08000c65   Thumb Code   110  stm32f4xx_tim.o(.text.TIM_OC3Init)
    TIM_OC3PreloadConfig                     0x08000cd5   Thumb Code    12  stm32f4xx_tim.o(.text.TIM_OC3PreloadConfig)
    TIM_OC4Init                              0x08000ce1   Thumb Code    82  stm32f4xx_tim.o(.text.TIM_OC4Init)
    TIM_OC4PreloadConfig                     0x08000d35   Thumb Code    14  stm32f4xx_tim.o(.text.TIM_OC4PreloadConfig)
    TIM_SetCounter                           0x08000d45   Thumb Code     4  stm32f4xx_tim.o(.text.TIM_SetCounter)
    TIM_TimeBaseInit                         0x08000d49   Thumb Code   148  stm32f4xx_tim.o(.text.TIM_TimeBaseInit)
    TestBLT                                  0x08000ddd   Thumb Code  1916  main.o(.text.TestBLT)
    UART4_IRQHandler                         0x08001559   Thumb Code    62  main.o(.text.UART4_IRQHandler)
    USART2_IRQHandler                        0x08001599   Thumb Code    84  stm32f4xx_it.o(.text.USART2_IRQHandler)
    USART_ClearFlag                          0x080015ed   Thumb Code     6  stm32f4xx_usart.o(.text.USART_ClearFlag)
    USART_Cmd                                0x080015f5   Thumb Code    20  stm32f4xx_usart.o(.text.USART_Cmd)
    USART_DMACmd                             0x08001609   Thumb Code    16  stm32f4xx_usart.o(.text.USART_DMACmd)
    USART_GetFlagStatus                      0x08001619   Thumb Code    10  stm32f4xx_usart.o(.text.USART_GetFlagStatus)
    USART_GetITStatus                        0x08001625   Thumb Code    50  stm32f4xx_usart.o(.text.USART_GetITStatus)
    USART_ITConfig                           0x08001659   Thumb Code    46  stm32f4xx_usart.o(.text.USART_ITConfig)
    USART_Init                               0x08001689   Thumb Code   186  stm32f4xx_usart.o(.text.USART_Init)
    USART_ReceiveData                        0x08001745   Thumb Code     8  stm32f4xx_usart.o(.text.USART_ReceiveData)
    USART_SendData                           0x0800174d   Thumb Code     8  stm32f4xx_usart.o(.text.USART_SendData)
    UsageFault_Handler                       0x08001755   Thumb Code     2  stm32f4xx_it.o(.text.UsageFault_Handler)
    calculateMotor                           0x08001759   Thumb Code   608  main.o(.text.calculateMotor)
    configInOutPort                          0x080019b9   Thumb Code   156  main.o(.text.configInOutPort)
    config_TIM8_PWM                          0x08001a55   Thumb Code   252  main.o(.text.config_TIM8_PWM)
    config_uart2_dma                         0x08001b51   Thumb Code   256  main.o(.text.config_uart2_dma)
    config_uart4                             0x08001c51   Thumb Code   186  main.o(.text.config_uart4)
    main                                     0x08001d0d   Thumb Code   450  main.o(.text.main)
    robotAnalytics                           0x08001ed1   Thumb Code   616  main.o(.text.robotAnalytics)
    robotDirectionAnalytics                  0x08002139   Thumb Code   580  main.o(.text.robotDirectionAnalytics)
    robotRunAngle                            0x08002381   Thumb Code   400  main.o(.text.robotRunAngle)
    run_read_gyro_uart2                      0x08002511   Thumb Code   136  main.o(.text.run_read_gyro_uart2)
    __ARM_fpclassify                         0x08002599   Thumb Code    48  fpclassify.o(i.__ARM_fpclassify)
    __hardfp_sin                             0x080025c9   Thumb Code   180  sin.o(i.__hardfp_sin)
    __ieee754_rem_pio2                       0x08002691   Thumb Code   938  rred.o(i.__ieee754_rem_pio2)
    __kernel_cos                             0x08002ac9   Thumb Code   322  cos_i.o(i.__kernel_cos)
    __kernel_poly                            0x08002c39   Thumb Code   248  poly.o(i.__kernel_poly)
    __kernel_sin                             0x08002d31   Thumb Code   280  sin_i.o(i.__kernel_sin)
    __mathlib_dbl_infnan                     0x08002e61   Thumb Code    20  dunder.o(i.__mathlib_dbl_infnan)
    __mathlib_dbl_invalid                    0x08002e79   Thumb Code    24  dunder.o(i.__mathlib_dbl_invalid)
    __mathlib_dbl_underflow                  0x08002e99   Thumb Code    24  dunder.o(i.__mathlib_dbl_underflow)
    fabs                                     0x08002eb9   Thumb Code    24  fabs.o(i.fabs)
    __aeabi_dneg                             0x08002ed1   Thumb Code     0  basic.o(x$fpl$basic)
    _dneg                                    0x08002ed1   Thumb Code     6  basic.o(x$fpl$basic)
    __aeabi_fneg                             0x08002ed7   Thumb Code     0  basic.o(x$fpl$basic)
    _fneg                                    0x08002ed7   Thumb Code     6  basic.o(x$fpl$basic)
    _dabs                                    0x08002edd   Thumb Code     6  basic.o(x$fpl$basic)
    _fabs                                    0x08002ee3   Thumb Code     6  basic.o(x$fpl$basic)
    __aeabi_d2f                              0x08002ee9   Thumb Code     0  d2f.o(x$fpl$d2f)
    _d2f                                     0x08002ee9   Thumb Code    98  d2f.o(x$fpl$d2f)
    __aeabi_dadd                             0x08002f4d   Thumb Code     0  daddsub_clz.o(x$fpl$dadd)
    _dadd                                    0x08002f4d   Thumb Code   332  daddsub_clz.o(x$fpl$dadd)
    __aeabi_ddiv                             0x0800309d   Thumb Code     0  ddiv.o(x$fpl$ddiv)
    _ddiv                                    0x0800309d   Thumb Code   556  ddiv.o(x$fpl$ddiv)
    __aeabi_d2iz                             0x08003351   Thumb Code     0  dfix.o(x$fpl$dfix)
    _dfix                                    0x08003351   Thumb Code    94  dfix.o(x$fpl$dfix)
    __aeabi_i2d                              0x080033af   Thumb Code     0  dflt_clz.o(x$fpl$dflt)
    _dflt                                    0x080033af   Thumb Code    46  dflt_clz.o(x$fpl$dflt)
    __aeabi_ui2d                             0x080033dd   Thumb Code     0  dflt_clz.o(x$fpl$dfltu)
    _dfltu                                   0x080033dd   Thumb Code    38  dflt_clz.o(x$fpl$dfltu)
    __aeabi_dmul                             0x08003405   Thumb Code     0  dmul.o(x$fpl$dmul)
    _dmul                                    0x08003405   Thumb Code   332  dmul.o(x$fpl$dmul)
    __fpl_dnaninf                            0x08003559   Thumb Code   156  dnaninf.o(x$fpl$dnaninf)
    __fpl_dretinf                            0x080035f5   Thumb Code    12  dretinf.o(x$fpl$dretinf)
    __aeabi_drsub                            0x08003601   Thumb Code     0  daddsub_clz.o(x$fpl$drsb)
    _drsb                                    0x08003601   Thumb Code    22  daddsub_clz.o(x$fpl$drsb)
    __aeabi_dsub                             0x08003619   Thumb Code     0  daddsub_clz.o(x$fpl$dsub)
    _dsub                                    0x08003619   Thumb Code   472  daddsub_clz.o(x$fpl$dsub)
    __aeabi_f2d                              0x080037f5   Thumb Code     0  f2d.o(x$fpl$f2d)
    _f2d                                     0x080037f5   Thumb Code    86  f2d.o(x$fpl$f2d)
    __fpl_fnaninf                            0x0800384b   Thumb Code   140  fnaninf.o(x$fpl$fnaninf)
    _fp_init                                 0x080038d7   Thumb Code    26  fpinit.o(x$fpl$fpinit)
    __fplib_config_fpu_vfp                   0x080038ef   Thumb Code     0  fpinit.o(x$fpl$fpinit)
    __fplib_config_pureend_doubles           0x080038ef   Thumb Code     0  fpinit.o(x$fpl$fpinit)
    __fpl_fretinf                            0x080038f1   Thumb Code    10  fretinf.o(x$fpl$fretinf)
    __I$use$fp                               0x080038fa   Number         0  usenofp.o(x$fpl$usenofp)
    Region$$Table$$Base                      0x08003a38   Number         0  anon$$obj.o(Region$$Table)
    Region$$Table$$Limit                     0x08003a58   Number         0  anon$$obj.o(Region$$Table)
    robotLimitSpeed                          0x20000000   Data           4  main.o(.data..L_MergedGlobals)
    i100                                     0x20000004   Data           4  main.o(.data..L_MergedGlobals)
    khoangCachGocFix                         0x20000008   Data           4  main.o(.data..L_MergedGlobals)
    fHeSoChinhHuong                          0x2000000c   Data           4  main.o(.data..L_MergedGlobals)
    f05                                      0x20000010   Data           4  main.o(.data..L_MergedGlobals)
    f6                                       0x20000014   Data           4  main.o(.data..L_MergedGlobals)
    f10                                      0x20000018   Data           4  main.o(.data..L_MergedGlobals)
    f30                                      0x2000001c   Data           4  main.o(.data..L_MergedGlobals)
    f60                                      0x20000020   Data           4  main.o(.data..L_MergedGlobals)
    f120                                     0x20000024   Data           4  main.o(.data..L_MergedGlobals)
    _robotY                                  0x20000028   Data           4  main.o(.data..L_MergedGlobals)
    _robotX                                  0x2000002c   Data           4  main.o(.data..L_MergedGlobals)
    motorLock                                0x20000030   Data           4  main.o(.data..L_MergedGlobals)
    motorLockRepeat                          0x20000034   Data           4  main.o(.data..L_MergedGlobals)
    radian                                   0x20000038   Data           4  main.o(.data..L_MergedGlobals)
    _robotAngle                              0x2000003c   Data           4  main.o(.data..L_MergedGlobals)
    _robotRunAngle                           0x20000040   Data           4  main.o(.data..L_MergedGlobals)
    _robotAngleToFix                         0x20000044   Data           4  main.o(.data..L_MergedGlobals)
    _robotDelayGiamToc                       0x20000048   Data           4  main.o(.data..L_MergedGlobals)
    SystemCoreClock                          0x2000004c   Data           4  system_stm32f4xx.o(.data.SystemCoreClock)
    __libspace_start                         0x20000050   Data          96  libspace.o(.bss)
    __temporary_stack_top$libspace           0x200000b0   Data           0  libspace.o(.bss)
    _index_gyro                              0x200000b0   Data           1  stm32f4xx_it.o(.bss..L_MergedGlobals)
    en_gyro                                  0x200000b8   Data           1  main.o(.bss..L_MergedGlobals.1)
    data_tx_gyro                             0x200000b9   Data           1  main.o(.bss..L_MergedGlobals.1)
    newDataAvailable                         0x200000ba   Data           1  main.o(.bss..L_MergedGlobals.1)
    IMU                                      0x200000bc   Data           2  main.o(.bss..L_MergedGlobals.1)
    NVIC_InitStructure                       0x200000be   Data           4  main.o(.bss..L_MergedGlobals.1)
    _robotChange                             0x200000c4   Data           4  main.o(.bss..L_MergedGlobals.1)
    _robotRotatePoint                        0x200000c8   Data           4  main.o(.bss..L_MergedGlobals.1)
    _robotCurrentSpeed                       0x200000cc   Data           4  main.o(.bss..L_MergedGlobals.1)
    _robotRunSpeed                           0x200000d0   Data           4  main.o(.bss..L_MergedGlobals.1)
    _robotMaxSpeed                           0x200000d4   Data           4  main.o(.bss..L_MergedGlobals.1)
    _robotAccStop                            0x200000d8   Data           4  main.o(.bss..L_MergedGlobals.1)
    _robotCounter                            0x200000dc   Data           4  main.o(.bss..L_MergedGlobals.1)
    _robotRotateAngle                        0x200000e0   Data           4  main.o(.bss..L_MergedGlobals.1)
    _robotIMUInit                            0x200000e4   Data           4  main.o(.bss..L_MergedGlobals.1)
    _robotRotate                             0x200000e8   Data           4  main.o(.bss..L_MergedGlobals.1)
    _robotCurve                              0x200000ec   Data           4  main.o(.bss..L_MergedGlobals.1)
    _robotAngleCounterFix                    0x200000f0   Data           4  main.o(.bss..L_MergedGlobals.1)
    _robotIMUAngle                           0x200000f4   Data           4  main.o(.bss..L_MergedGlobals.1)
    _IMUAngle_Before                         0x200000f8   Data           4  main.o(.bss..L_MergedGlobals.1)
    _robotRun0h                              0x200000fc   Data           4  main.o(.bss..L_MergedGlobals.1)
    _robotRun4h                              0x20000100   Data           4  main.o(.bss..L_MergedGlobals.1)
    _robotRun8h                              0x20000104   Data           4  main.o(.bss..L_MergedGlobals.1)
    bufferIndex                              0x20000108   Data           4  main.o(.bss..L_MergedGlobals.1)
    GPIO_InitStructure                       0x2000010c   Data           8  main.o(.bss..L_MergedGlobals.1)
    buffer                                   0x20000114   Data          10  main.o(.bss..L_MergedGlobals.1)
    TIM_TimeBaseStructure                    0x20000120   Data          12  main.o(.bss..L_MergedGlobals.1)
    RX_USART2                                0x2000012c   Data          15  main.o(.bss.RX_USART2)
    RxBuffer_compass                         0x2000013b   Data           2  main.o(.bss.RxBuffer_compass)
    TIM_OCInitStructure                      0x20000140   Data          20  main.o(.bss.TIM_OCInitStructure)
    num_over_t4                              0x20000154   Data           4  main.o(.bss.num_over_t4)



==============================================================================

Memory Map of the image

  Image Entry point : 0x08000189

  Load Region LR_IROM1 (Base: 0x08000000, Size: 0x00003aa8, Max: 0x00100000, ABSOLUTE)

    Execution Region ER_IROM1 (Exec base: 0x08000000, Load base: 0x08000000, Size: 0x00003a58, Max: 0x00100000, ABSOLUTE)

    Exec Addr    Load Addr    Size         Type   Attr      Idx    E Section Name        Object

    0x08000000   0x08000000   0x00000188   Data   RO          813    RESET               startup_stm32f40_41xxx.o
    0x08000188   0x08000188   0x00000008   Code   RO          872  * !!!main             c_w.l(__main.o)
    0x08000190   0x08000190   0x00000034   Code   RO         1122    !!!scatter          c_w.l(__scatter.o)
    0x080001c4   0x080001c4   0x0000001a   Code   RO         1124    !!handler_copy      c_w.l(__scatter_copy.o)
    0x080001de   0x080001de   0x00000002   PAD
    0x080001e0   0x080001e0   0x0000001c   Code   RO         1126    !!handler_zi        c_w.l(__scatter_zi.o)
    0x080001fc   0x080001fc   0x00000002   Code   RO          987    .ARM.Collect$$libinit$$00000000  c_w.l(libinit.o)
    0x080001fe   0x080001fe   0x00000004   Code   RO          990    .ARM.Collect$$libinit$$00000001  c_w.l(libinit2.o)
    0x08000202   0x08000202   0x00000000   Code   RO          993    .ARM.Collect$$libinit$$00000004  c_w.l(libinit2.o)
    0x08000202   0x08000202   0x00000000   Code   RO          995    .ARM.Collect$$libinit$$00000006  c_w.l(libinit2.o)
    0x08000202   0x08000202   0x00000000   Code   RO          998    .ARM.Collect$$libinit$$0000000C  c_w.l(libinit2.o)
    0x08000202   0x08000202   0x00000000   Code   RO         1000    .ARM.Collect$$libinit$$0000000E  c_w.l(libinit2.o)
    0x08000202   0x08000202   0x00000000   Code   RO         1002    .ARM.Collect$$libinit$$00000010  c_w.l(libinit2.o)
    0x08000202   0x08000202   0x00000000   Code   RO         1005    .ARM.Collect$$libinit$$00000013  c_w.l(libinit2.o)
    0x08000202   0x08000202   0x00000000   Code   RO         1007    .ARM.Collect$$libinit$$00000015  c_w.l(libinit2.o)
    0x08000202   0x08000202   0x00000000   Code   RO         1009    .ARM.Collect$$libinit$$00000017  c_w.l(libinit2.o)
    0x08000202   0x08000202   0x00000000   Code   RO         1011    .ARM.Collect$$libinit$$00000019  c_w.l(libinit2.o)
    0x08000202   0x08000202   0x00000000   Code   RO         1013    .ARM.Collect$$libinit$$0000001B  c_w.l(libinit2.o)
    0x08000202   0x08000202   0x00000000   Code   RO         1015    .ARM.Collect$$libinit$$0000001D  c_w.l(libinit2.o)
    0x08000202   0x08000202   0x00000000   Code   RO         1017    .ARM.Collect$$libinit$$0000001F  c_w.l(libinit2.o)
    0x08000202   0x08000202   0x00000000   Code   RO         1019    .ARM.Collect$$libinit$$00000021  c_w.l(libinit2.o)
    0x08000202   0x08000202   0x00000000   Code   RO         1021    .ARM.Collect$$libinit$$00000023  c_w.l(libinit2.o)
    0x08000202   0x08000202   0x00000000   Code   RO         1023    .ARM.Collect$$libinit$$00000025  c_w.l(libinit2.o)
    0x08000202   0x08000202   0x00000000   Code   RO         1025    .ARM.Collect$$libinit$$00000027  c_w.l(libinit2.o)
    0x08000202   0x08000202   0x00000000   Code   RO         1029    .ARM.Collect$$libinit$$0000002E  c_w.l(libinit2.o)
    0x08000202   0x08000202   0x00000000   Code   RO         1031    .ARM.Collect$$libinit$$00000030  c_w.l(libinit2.o)
    0x08000202   0x08000202   0x00000000   Code   RO         1033    .ARM.Collect$$libinit$$00000032  c_w.l(libinit2.o)
    0x08000202   0x08000202   0x00000000   Code   RO         1035    .ARM.Collect$$libinit$$00000034  c_w.l(libinit2.o)
    0x08000202   0x08000202   0x00000002   Code   RO         1036    .ARM.Collect$$libinit$$00000035  c_w.l(libinit2.o)
    0x08000204   0x08000204   0x00000002   Code   RO         1058    .ARM.Collect$$libshutdown$$00000000  c_w.l(libshutdown.o)
    0x08000206   0x08000206   0x00000000   Code   RO         1073    .ARM.Collect$$libshutdown$$00000002  c_w.l(libshutdown2.o)
    0x08000206   0x08000206   0x00000000   Code   RO         1075    .ARM.Collect$$libshutdown$$00000004  c_w.l(libshutdown2.o)
    0x08000206   0x08000206   0x00000000   Code   RO         1078    .ARM.Collect$$libshutdown$$00000007  c_w.l(libshutdown2.o)
    0x08000206   0x08000206   0x00000000   Code   RO         1081    .ARM.Collect$$libshutdown$$0000000A  c_w.l(libshutdown2.o)
    0x08000206   0x08000206   0x00000000   Code   RO         1083    .ARM.Collect$$libshutdown$$0000000C  c_w.l(libshutdown2.o)
    0x08000206   0x08000206   0x00000000   Code   RO         1086    .ARM.Collect$$libshutdown$$0000000F  c_w.l(libshutdown2.o)
    0x08000206   0x08000206   0x00000002   Code   RO         1087    .ARM.Collect$$libshutdown$$00000010  c_w.l(libshutdown2.o)
    0x08000208   0x08000208   0x00000000   Code   RO          898    .ARM.Collect$$rtentry$$00000000  c_w.l(__rtentry.o)
    0x08000208   0x08000208   0x00000000   Code   RO          938    .ARM.Collect$$rtentry$$00000002  c_w.l(__rtentry2.o)
    0x08000208   0x08000208   0x00000006   Code   RO          950    .ARM.Collect$$rtentry$$00000004  c_w.l(__rtentry4.o)
    0x0800020e   0x0800020e   0x00000000   Code   RO          940    .ARM.Collect$$rtentry$$00000009  c_w.l(__rtentry2.o)
    0x0800020e   0x0800020e   0x00000004   Code   RO          941    .ARM.Collect$$rtentry$$0000000A  c_w.l(__rtentry2.o)
    0x08000212   0x08000212   0x00000000   Code   RO          943    .ARM.Collect$$rtentry$$0000000C  c_w.l(__rtentry2.o)
    0x08000212   0x08000212   0x00000008   Code   RO          944    .ARM.Collect$$rtentry$$0000000D  c_w.l(__rtentry2.o)
    0x0800021a   0x0800021a   0x00000002   Code   RO          988    .ARM.Collect$$rtexit$$00000000  c_w.l(rtexit.o)
    0x0800021c   0x0800021c   0x00000000   Code   RO         1038    .ARM.Collect$$rtexit$$00000002  c_w.l(rtexit2.o)
    0x0800021c   0x0800021c   0x00000004   Code   RO         1039    .ARM.Collect$$rtexit$$00000003  c_w.l(rtexit2.o)
    0x08000220   0x08000220   0x00000006   Code   RO         1040    .ARM.Collect$$rtexit$$00000004  c_w.l(rtexit2.o)
    0x08000226   0x08000226   0x00000002   PAD
    0x08000228   0x08000228   0x00000040   Code   RO          814    .text               startup_stm32f40_41xxx.o
    0x08000268   0x08000268   0x0000003e   Code   RO          866    .text               c_w.l(strlen.o)
    0x080002a6   0x080002a6   0x00000006   Code   RO          870    .text               c_w.l(heapauxi.o)
    0x080002ac   0x080002ac   0x00000016   Code   RO          899    .text               c_w.l(_rserrno.o)
    0x080002c2   0x080002c2   0x00000002   PAD
    0x080002c4   0x080002c4   0x00000008   Code   RO          955    .text               c_w.l(rt_errno_addr_intlibspace.o)
    0x080002cc   0x080002cc   0x00000008   Code   RO          975    .text               c_w.l(libspace.o)
    0x080002d4   0x080002d4   0x0000004a   Code   RO          978    .text               c_w.l(sys_stackheap_outer.o)
    0x0800031e   0x0800031e   0x00000012   Code   RO          980    .text               c_w.l(exit.o)
    0x08000330   0x08000330   0x0000000c   Code   RO         1048    .text               c_w.l(sys_exit.o)
    0x0800033c   0x0800033c   0x00000002   Code   RO         1063    .text               c_w.l(use_no_semi.o)
    0x0800033e   0x0800033e   0x00000000   Code   RO         1065    .text               c_w.l(indicate_semi.o)
    0x0800033e   0x0800033e   0x00000002   PAD
    0x08000340   0x08000340   0x00000002   Code   RO          161    .text.BusFault_Handler  stm32f4xx_it.o
    0x08000342   0x08000342   0x00000002   PAD
    0x08000344   0x08000344   0x00000034   Code   RO          175    .text.DMA1_Stream5_IRQHandler  stm32f4xx_it.o
    0x08000378   0x08000378   0x0000003e   Code   RO          242    .text.DMA_ClearITPendingBit  stm32f4xx_dma.o
    0x080003b6   0x080003b6   0x00000002   PAD
    0x080003b8   0x080003b8   0x00000010   Code   RO          212    .text.DMA_Cmd       stm32f4xx_dma.o
    0x080003c8   0x080003c8   0x00000272   Code   RO          206    .text.DMA_DeInit    stm32f4xx_dma.o
    0x0800063a   0x0800063a   0x00000002   PAD
    0x0800063c   0x0800063c   0x0000003c   Code   RO          238    .text.DMA_ITConfig  stm32f4xx_dma.o
    0x08000678   0x08000678   0x00000066   Code   RO          208    .text.DMA_Init      stm32f4xx_dma.o
    0x080006de   0x080006de   0x00000002   PAD
    0x080006e0   0x080006e0   0x00000002   Code   RO          167    .text.DebugMon_Handler  stm32f4xx_it.o
    0x080006e2   0x080006e2   0x00000002   PAD
    0x080006e4   0x080006e4   0x00000100   Code   RO          254    .text.GPIO_Init     stm32f4xx_gpio.o
    0x080007e4   0x080007e4   0x00000028   Code   RO          278    .text.GPIO_PinAFConfig  stm32f4xx_gpio.o
    0x0800080c   0x0800080c   0x00000004   Code   RO          274    .text.GPIO_Write    stm32f4xx_gpio.o
    0x08000810   0x08000810   0x00000002   Code   RO          157    .text.HardFault_Handler  stm32f4xx_it.o
    0x08000812   0x08000812   0x00000002   PAD
    0x08000814   0x08000814   0x00000002   Code   RO          159    .text.MemManage_Handler  stm32f4xx_it.o
    0x08000816   0x08000816   0x00000002   PAD
    0x08000818   0x08000818   0x00000002   Code   RO          155    .text.NMI_Handler   stm32f4xx_it.o
    0x0800081a   0x0800081a   0x00000002   PAD
    0x0800081c   0x0800081c   0x00000064   Code   RO          190    .text.NVIC_Init     misc.o
    0x08000880   0x08000880   0x00000014   Code   RO          188    .text.NVIC_PriorityGroupConfig  misc.o
    0x08000894   0x08000894   0x00000002   Code   RO          169    .text.PendSV_Handler  stm32f4xx_it.o
    0x08000896   0x08000896   0x00000002   PAD
    0x08000898   0x08000898   0x00000018   Code   RO          354    .text.RCC_AHB1PeriphClockCmd  stm32f4xx_rcc.o
    0x080008b0   0x080008b0   0x00000018   Code   RO          360    .text.RCC_APB1PeriphClockCmd  stm32f4xx_rcc.o
    0x080008c8   0x080008c8   0x00000018   Code   RO          362    .text.RCC_APB2PeriphClockCmd  stm32f4xx_rcc.o
    0x080008e0   0x080008e0   0x00000098   Code   RO          332    .text.RCC_GetClocksFreq  stm32f4xx_rcc.o
    0x08000978   0x08000978   0x00000002   Code   RO          165    .text.SVC_Handler   stm32f4xx_it.o
    0x0800097a   0x0800097a   0x00000002   PAD
    0x0800097c   0x0800097c   0x00000036   Code   RO          171    .text.SysTick_Handler  stm32f4xx_it.o
    0x080009b2   0x080009b2   0x00000002   PAD
    0x080009b4   0x080009b4   0x00000128   Code   RO          798    .text.SystemInit    system_stm32f4xx.o
    0x08000adc   0x08000adc   0x0000002a   Code   RO          177    .text.TIM4_IRQHandler  stm32f4xx_it.o
    0x08000b06   0x08000b06   0x00000002   PAD
    0x08000b08   0x08000b08   0x00000012   Code   RO           98    .text.TIM7_IRQHandler  main.o
    0x08000b1a   0x08000b1a   0x00000002   PAD
    0x08000b1c   0x08000b1c   0x00000014   Code   RO          423    .text.TIM_ARRPreloadConfig  stm32f4xx_tim.o
    0x08000b30   0x08000b30   0x00000012   Code   RO          429    .text.TIM_Cmd       stm32f4xx_tim.o
    0x08000b42   0x08000b42   0x00000002   PAD
    0x08000b44   0x08000b44   0x00000018   Code   RO          527    .text.TIM_CtrlPWMOutputs  stm32f4xx_tim.o
    0x08000b5c   0x08000b5c   0x00000004   Code   RO          415    .text.TIM_GetCounter  stm32f4xx_tim.o
    0x08000b60   0x08000b60   0x00000010   Code   RO          533    .text.TIM_ITConfig  stm32f4xx_tim.o
    0x08000b70   0x08000b70   0x00000066   Code   RO          431    .text.TIM_OC1Init   stm32f4xx_tim.o
    0x08000bd6   0x08000bd6   0x00000002   PAD
    0x08000bd8   0x08000bd8   0x0000000c   Code   RO          459    .text.TIM_OC1PreloadConfig  stm32f4xx_tim.o
    0x08000be4   0x08000be4   0x0000006e   Code   RO          433    .text.TIM_OC2Init   stm32f4xx_tim.o
    0x08000c52   0x08000c52   0x00000002   PAD
    0x08000c54   0x08000c54   0x0000000e   Code   RO          461    .text.TIM_OC2PreloadConfig  stm32f4xx_tim.o
    0x08000c62   0x08000c62   0x00000002   PAD
    0x08000c64   0x08000c64   0x0000006e   Code   RO          435    .text.TIM_OC3Init   stm32f4xx_tim.o
    0x08000cd2   0x08000cd2   0x00000002   PAD
    0x08000cd4   0x08000cd4   0x0000000c   Code   RO          463    .text.TIM_OC3PreloadConfig  stm32f4xx_tim.o
    0x08000ce0   0x08000ce0   0x00000052   Code   RO          437    .text.TIM_OC4Init   stm32f4xx_tim.o
    0x08000d32   0x08000d32   0x00000002   PAD
    0x08000d34   0x08000d34   0x0000000e   Code   RO          465    .text.TIM_OC4PreloadConfig  stm32f4xx_tim.o
    0x08000d42   0x08000d42   0x00000002   PAD
    0x08000d44   0x08000d44   0x00000004   Code   RO          411    .text.TIM_SetCounter  stm32f4xx_tim.o
    0x08000d48   0x08000d48   0x00000094   Code   RO          403    .text.TIM_TimeBaseInit  stm32f4xx_tim.o
    0x08000ddc   0x08000ddc   0x0000077c   Code   RO          100    .text.TestBLT       main.o
    0x08001558   0x08001558   0x0000003e   Code   RO          102    .text.UART4_IRQHandler  main.o
    0x08001596   0x08001596   0x00000002   PAD
    0x08001598   0x08001598   0x00000054   Code   RO          173    .text.USART2_IRQHandler  stm32f4xx_it.o
    0x080015ec   0x080015ec   0x00000006   Code   RO          637    .text.USART_ClearFlag  stm32f4xx_usart.o
    0x080015f2   0x080015f2   0x00000002   PAD
    0x080015f4   0x080015f4   0x00000014   Code   RO          595    .text.USART_Cmd     stm32f4xx_usart.o
    0x08001608   0x08001608   0x00000010   Code   RO          631    .text.USART_DMACmd  stm32f4xx_usart.o
    0x08001618   0x08001618   0x0000000a   Code   RO          635    .text.USART_GetFlagStatus  stm32f4xx_usart.o
    0x08001622   0x08001622   0x00000002   PAD
    0x08001624   0x08001624   0x00000032   Code   RO          639    .text.USART_GetITStatus  stm32f4xx_usart.o
    0x08001656   0x08001656   0x00000002   PAD
    0x08001658   0x08001658   0x0000002e   Code   RO          633    .text.USART_ITConfig  stm32f4xx_usart.o
    0x08001686   0x08001686   0x00000002   PAD
    0x08001688   0x08001688   0x000000ba   Code   RO          587    .text.USART_Init    stm32f4xx_usart.o
    0x08001742   0x08001742   0x00000002   PAD
    0x08001744   0x08001744   0x00000008   Code   RO          605    .text.USART_ReceiveData  stm32f4xx_usart.o
    0x0800174c   0x0800174c   0x00000008   Code   RO          603    .text.USART_SendData  stm32f4xx_usart.o
    0x08001754   0x08001754   0x00000002   Code   RO          163    .text.UsageFault_Handler  stm32f4xx_it.o
    0x08001756   0x08001756   0x00000002   PAD
    0x08001758   0x08001758   0x00000260   Code   RO           68    .text.calculateMotor  main.o
    0x080019b8   0x080019b8   0x0000009c   Code   RO            2    .text.configInOutPort  main.o
    0x08001a54   0x08001a54   0x000000fc   Code   RO            4    .text.config_TIM8_PWM  main.o
    0x08001b50   0x08001b50   0x00000100   Code   RO           14    .text.config_uart2_dma  main.o
    0x08001c50   0x08001c50   0x000000ba   Code   RO           22    .text.config_uart4  main.o
    0x08001d0a   0x08001d0a   0x00000002   PAD
    0x08001d0c   0x08001d0c   0x000001c2   Code   RO          104    .text.main          main.o
    0x08001ece   0x08001ece   0x00000002   PAD
    0x08001ed0   0x08001ed0   0x00000268   Code   RO           94    .text.robotAnalytics  main.o
    0x08002138   0x08002138   0x00000244   Code   RO           88    .text.robotDirectionAnalytics  main.o
    0x0800237c   0x0800237c   0x00000004   PAD
    0x08002380   0x08002380   0x00000190   Code   RO           84    .text.robotRunAngle  main.o
    0x08002510   0x08002510   0x00000088   Code   RO           30    .text.run_read_gyro_uart2  main.o
    0x08002598   0x08002598   0x00000030   Code   RO          971    i.__ARM_fpclassify  m_wm.l(fpclassify.o)
    0x080025c8   0x080025c8   0x000000c8   Code   RO          892    i.__hardfp_sin      m_wm.l(sin.o)
    0x08002690   0x08002690   0x00000438   Code   RO          929    i.__ieee754_rem_pio2  m_wm.l(rred.o)
    0x08002ac8   0x08002ac8   0x00000170   Code   RO          912    i.__kernel_cos      m_wm.l(cos_i.o)
    0x08002c38   0x08002c38   0x000000f8   Code   RO          973    i.__kernel_poly     m_wm.l(poly.o)
    0x08002d30   0x08002d30   0x00000130   Code   RO          934    i.__kernel_sin      m_wm.l(sin_i.o)
    0x08002e60   0x08002e60   0x00000014   Code   RO          916    i.__mathlib_dbl_infnan  m_wm.l(dunder.o)
    0x08002e74   0x08002e74   0x00000004   PAD
    0x08002e78   0x08002e78   0x00000020   Code   RO          918    i.__mathlib_dbl_invalid  m_wm.l(dunder.o)
    0x08002e98   0x08002e98   0x00000020   Code   RO          921    i.__mathlib_dbl_underflow  m_wm.l(dunder.o)
    0x08002eb8   0x08002eb8   0x00000018   Code   RO          967    i.fabs              m_wm.l(fabs.o)
    0x08002ed0   0x08002ed0   0x00000018   Code   RO          901    x$fpl$basic         fz_wm.l(basic.o)
    0x08002ee8   0x08002ee8   0x00000062   Code   RO          874    x$fpl$d2f           fz_wm.l(d2f.o)
    0x08002f4a   0x08002f4a   0x00000002   PAD
    0x08002f4c   0x08002f4c   0x00000150   Code   RO          876    x$fpl$dadd          fz_wm.l(daddsub_clz.o)
    0x0800309c   0x0800309c   0x000002b4   Code   RO          958    x$fpl$ddiv          fz_wm.l(ddiv.o)
    0x08003350   0x08003350   0x0000005e   Code   RO          961    x$fpl$dfix          fz_wm.l(dfix.o)
    0x080033ae   0x080033ae   0x0000002e   Code   RO          883    x$fpl$dflt          fz_wm.l(dflt_clz.o)
    0x080033dc   0x080033dc   0x00000026   Code   RO          882    x$fpl$dfltu         fz_wm.l(dflt_clz.o)
    0x08003402   0x08003402   0x00000002   PAD
    0x08003404   0x08003404   0x00000154   Code   RO          888    x$fpl$dmul          fz_wm.l(dmul.o)
    0x08003558   0x08003558   0x0000009c   Code   RO          903    x$fpl$dnaninf       fz_wm.l(dnaninf.o)
    0x080035f4   0x080035f4   0x0000000c   Code   RO          905    x$fpl$dretinf       fz_wm.l(dretinf.o)
    0x08003600   0x08003600   0x00000016   Code   RO          877    x$fpl$drsb          fz_wm.l(daddsub_clz.o)
    0x08003616   0x08003616   0x00000002   PAD
    0x08003618   0x08003618   0x000001dc   Code   RO          878    x$fpl$dsub          fz_wm.l(daddsub_clz.o)
    0x080037f4   0x080037f4   0x00000056   Code   RO          890    x$fpl$f2d           fz_wm.l(f2d.o)
    0x0800384a   0x0800384a   0x0000008c   Code   RO          907    x$fpl$fnaninf       fz_wm.l(fnaninf.o)
    0x080038d6   0x080038d6   0x0000001a   Code   RO         1046    x$fpl$fpinit        fz_wm.l(fpinit.o)
    0x080038f0   0x080038f0   0x0000000a   Code   RO          909    x$fpl$fretinf       fz_wm.l(fretinf.o)
    0x080038fa   0x080038fa   0x00000000   Code   RO          911    x$fpl$usenofp       fz_wm.l(usenofp.o)
    0x080038fa   0x080038fa   0x00000006   PAD
    0x08003900   0x08003900   0x00000030   Data   RO          913    .constdata          m_wm.l(cos_i.o)
    0x08003930   0x08003930   0x000000cc   Data   RO          931    .constdata          m_wm.l(rred.o)
    0x080039fc   0x080039fc   0x00000004   PAD
    0x08003a00   0x08003a00   0x00000028   Data   RO          935    .constdata          m_wm.l(sin_i.o)
    0x08003a28   0x08003a28   0x00000010   Data   RO          392    .rodata.APBAHBPrescTable  stm32f4xx_rcc.o
    0x08003a38   0x08003a38   0x00000020   Data   RO         1121    Region$$Table       anon$$obj.o


    Execution Region RW_IRAM1 (Exec base: 0x20000000, Load base: 0x08003a58, Size: 0x00000758, Max: 0x00020000, ABSOLUTE)

    Exec Addr    Load Addr    Size         Type   Attr      Idx    E Section Name        Object

    0x20000000   0x08003a58   0x0000004c   Data   RW          145    .data..L_MergedGlobals  main.o
    0x2000004c   0x08003aa4   0x00000004   Data   RW          802    .data.SystemCoreClock  system_stm32f4xx.o
    0x20000050        -       0x00000060   Zero   RW          976    .bss                c_w.l(libspace.o)
    0x200000b0        -       0x00000008   Zero   RW          180    .bss..L_MergedGlobals  stm32f4xx_it.o
    0x200000b8        -       0x00000074   Zero   RW          146    .bss..L_MergedGlobals.1  main.o
    0x2000012c        -       0x0000000f   Zero   RW          110    .bss.RX_USART2      main.o
    0x2000013b        -       0x00000002   Zero   RW          123    .bss.RxBuffer_compass  main.o
    0x2000013d   0x08003aa8   0x00000003   PAD
    0x20000140        -       0x00000014   Zero   RW          109    .bss.TIM_OCInitStructure  main.o
    0x20000154        -       0x00000004   Zero   RW          108    .bss.num_over_t4    main.o
    0x20000158        -       0x00000200   Zero   RW          812    HEAP                startup_stm32f40_41xxx.o
    0x20000358        -       0x00000400   Zero   RW          811    STACK               startup_stm32f40_41xxx.o


==============================================================================

Image component sizes


      Code (inc. data)   RO Data    RW Data    ZI Data      Debug   Object Name

      5636        112          0         76        157      28111   main.o
       120          0          0          0          0       3440   misc.o
        64         26        392          0       1536        964   startup_stm32f40_41xxx.o
       866          0          0          0          0       6847   stm32f4xx_dma.o
       300          0          0          0          0       4997   stm32f4xx_gpio.o
       248          0          0          0          8       3075   stm32f4xx_it.o
       224          0         16          0          0      14050   stm32f4xx_rcc.o
       690          0          0          0          0      27069   stm32f4xx_tim.o
       350          0          0          0          0       8844   stm32f4xx_usart.o
       296          0          0          4          0       3341   system_stm32f4xx.o

    ----------------------------------------------------------------------
      8856        142        440         80       1704     100738   Object Totals
         0          0         32          0          0          0   (incl. Generated)
        62          4          0          0          3          0   (incl. Padding)

    ----------------------------------------------------------------------

      Code (inc. data)   RO Data    RW Data    ZI Data      Debug   Library Member Name

         8          0          0          0          0         68   __main.o
         0          0          0          0          0          0   __rtentry.o
        12          0          0          0          0          0   __rtentry2.o
         6          0          0          0          0          0   __rtentry4.o
        52          8          0          0          0          0   __scatter.o
        26          0          0          0          0          0   __scatter_copy.o
        28          0          0          0          0          0   __scatter_zi.o
        22          0          0          0          0        100   _rserrno.o
        18          0          0          0          0         80   exit.o
         6          0          0          0          0        152   heapauxi.o
         0          0          0          0          0          0   indicate_semi.o
         2          0          0          0          0          0   libinit.o
         6          0          0          0          0          0   libinit2.o
         2          0          0          0          0          0   libshutdown.o
         2          0          0          0          0          0   libshutdown2.o
         8          4          0          0         96         68   libspace.o
         8          4          0          0          0         68   rt_errno_addr_intlibspace.o
         2          0          0          0          0          0   rtexit.o
        10          0          0          0          0          0   rtexit2.o
        62          0          0          0          0         76   strlen.o
        12          4          0          0          0         68   sys_exit.o
        74          0          0          0          0         80   sys_stackheap_outer.o
         2          0          0          0          0         68   use_no_semi.o
        24          0          0          0          0        164   basic.o
        98          4          0          0          0        140   d2f.o
       834         16          0          0          0        516   daddsub_clz.o
       692        140          0          0          0        264   ddiv.o
        94          4          0          0          0        140   dfix.o
        84          0          0          0          0        232   dflt_clz.o
       340         12          0          0          0        152   dmul.o
       156          4          0          0          0        140   dnaninf.o
        12          0          0          0          0        116   dretinf.o
        86          4          0          0          0        132   f2d.o
       140          4          0          0          0        132   fnaninf.o
        26          0          0          0          0        116   fpinit.o
        10          0          0          0          0        116   fretinf.o
         0          0          0          0          0          0   usenofp.o
       368         46         48          0          0        200   cos_i.o
        84         16          0          0          0        372   dunder.o
        24          0          0          0          0        124   fabs.o
        48          0          0          0          0        124   fpclassify.o
       248          0          0          0          0        152   poly.o
      1080        142        204          0          0        188   rred.o
       200         20          0          0          0        164   sin.o
       304         24         40          0          0        208   sin_i.o

    ----------------------------------------------------------------------
      5344        456        296          0         96       4720   Library Totals
        24          0          4          0          0          0   (incl. Padding)

    ----------------------------------------------------------------------

      Code (inc. data)   RO Data    RW Data    ZI Data      Debug   Library Name

       368         20          0          0         96        828   c_w.l
      2596        188          0          0          0       2360   fz_wm.l
      2356        248        292          0          0       1532   m_wm.l

    ----------------------------------------------------------------------
      5344        456        296          0         96       4720   Library Totals

    ----------------------------------------------------------------------

==============================================================================


      Code (inc. data)   RO Data    RW Data    ZI Data      Debug   

     14200        598        736         80       1800     102586   Grand Totals
     14200        598        736         80       1800     102586   ELF Image Totals
     14200        598        736         80          0          0   ROM Totals

==============================================================================

    Total RO  Size (Code + RO Data)                14936 (  14.59kB)
    Total RW  Size (RW Data + ZI Data)              1880 (   1.84kB)
    Total ROM Size (Code + RO Data + RW Data)      15016 (  14.66kB)

==============================================================================

